Archive member included to satisfy reference by file (symbol)

/opt/st/stm32cubeide_1.2.0/plugins/com.st.stm32cube.ide.mcu.externaltools.gnu-tools-for-stm32.7-2018-q2-update.linux64_1.0.0.201904181610/tools/bin/../lib/gcc/arm-none-eabi/7.3.1/../../../../arm-none-eabi/lib/thumb/v7-m/libc_nano.a(lib_a-errno.o)
                              Core/Src/syscalls.o (__errno)
/opt/st/stm32cubeide_1.2.0/plugins/com.st.stm32cube.ide.mcu.externaltools.gnu-tools-for-stm32.7-2018-q2-update.linux64_1.0.0.201904181610/tools/bin/../lib/gcc/arm-none-eabi/7.3.1/../../../../arm-none-eabi/lib/thumb/v7-m/libc_nano.a(lib_a-exit.o)
                              /opt/st/stm32cubeide_1.2.0/plugins/com.st.stm32cube.ide.mcu.externaltools.gnu-tools-for-stm32.7-2018-q2-update.linux64_1.0.0.201904181610/tools/bin/../lib/gcc/arm-none-eabi/7.3.1/../../../../arm-none-eabi/lib/thumb/v7-m/crt0.o (exit)
/opt/st/stm32cubeide_1.2.0/plugins/com.st.stm32cube.ide.mcu.externaltools.gnu-tools-for-stm32.7-2018-q2-update.linux64_1.0.0.201904181610/tools/bin/../lib/gcc/arm-none-eabi/7.3.1/../../../../arm-none-eabi/lib/thumb/v7-m/libc_nano.a(lib_a-impure.o)
                              /opt/st/stm32cubeide_1.2.0/plugins/com.st.stm32cube.ide.mcu.externaltools.gnu-tools-for-stm32.7-2018-q2-update.linux64_1.0.0.201904181610/tools/bin/../lib/gcc/arm-none-eabi/7.3.1/../../../../arm-none-eabi/lib/thumb/v7-m/libc_nano.a(lib_a-exit.o) (_global_impure_ptr)
/opt/st/stm32cubeide_1.2.0/plugins/com.st.stm32cube.ide.mcu.externaltools.gnu-tools-for-stm32.7-2018-q2-update.linux64_1.0.0.201904181610/tools/bin/../lib/gcc/arm-none-eabi/7.3.1/../../../../arm-none-eabi/lib/thumb/v7-m/libc_nano.a(lib_a-init.o)
                              /opt/st/stm32cubeide_1.2.0/plugins/com.st.stm32cube.ide.mcu.externaltools.gnu-tools-for-stm32.7-2018-q2-update.linux64_1.0.0.201904181610/tools/bin/../lib/gcc/arm-none-eabi/7.3.1/../../../../arm-none-eabi/lib/thumb/v7-m/crt0.o (__libc_init_array)
/opt/st/stm32cubeide_1.2.0/plugins/com.st.stm32cube.ide.mcu.externaltools.gnu-tools-for-stm32.7-2018-q2-update.linux64_1.0.0.201904181610/tools/bin/../lib/gcc/arm-none-eabi/7.3.1/../../../../arm-none-eabi/lib/thumb/v7-m/libc_nano.a(lib_a-memcpy-stub.o)
                              Core/Src/MY_NRF24.o (memcpy)
/opt/st/stm32cubeide_1.2.0/plugins/com.st.stm32cube.ide.mcu.externaltools.gnu-tools-for-stm32.7-2018-q2-update.linux64_1.0.0.201904181610/tools/bin/../lib/gcc/arm-none-eabi/7.3.1/../../../../arm-none-eabi/lib/thumb/v7-m/libc_nano.a(lib_a-memset.o)
                              /opt/st/stm32cubeide_1.2.0/plugins/com.st.stm32cube.ide.mcu.externaltools.gnu-tools-for-stm32.7-2018-q2-update.linux64_1.0.0.201904181610/tools/bin/../lib/gcc/arm-none-eabi/7.3.1/../../../../arm-none-eabi/lib/thumb/v7-m/crt0.o (memset)
/opt/st/stm32cubeide_1.2.0/plugins/com.st.stm32cube.ide.mcu.externaltools.gnu-tools-for-stm32.7-2018-q2-update.linux64_1.0.0.201904181610/tools/bin/../lib/gcc/arm-none-eabi/7.3.1/../../../../arm-none-eabi/lib/thumb/v7-m/libc_nano.a(lib_a-snprintf.o)
                              Core/Src/main.o (snprintf)
/opt/st/stm32cubeide_1.2.0/plugins/com.st.stm32cube.ide.mcu.externaltools.gnu-tools-for-stm32.7-2018-q2-update.linux64_1.0.0.201904181610/tools/bin/../lib/gcc/arm-none-eabi/7.3.1/../../../../arm-none-eabi/lib/thumb/v7-m/libc_nano.a(lib_a-sprintf.o)
                              Core/Src/MY_NRF24.o (sprintf)
/opt/st/stm32cubeide_1.2.0/plugins/com.st.stm32cube.ide.mcu.externaltools.gnu-tools-for-stm32.7-2018-q2-update.linux64_1.0.0.201904181610/tools/bin/../lib/gcc/arm-none-eabi/7.3.1/../../../../arm-none-eabi/lib/thumb/v7-m/libc_nano.a(lib_a-strlen.o)
                              Core/Src/MY_NRF24.o (strlen)
/opt/st/stm32cubeide_1.2.0/plugins/com.st.stm32cube.ide.mcu.externaltools.gnu-tools-for-stm32.7-2018-q2-update.linux64_1.0.0.201904181610/tools/bin/../lib/gcc/arm-none-eabi/7.3.1/../../../../arm-none-eabi/lib/thumb/v7-m/libc_nano.a(lib_a-nano-svfprintf.o)
                              /opt/st/stm32cubeide_1.2.0/plugins/com.st.stm32cube.ide.mcu.externaltools.gnu-tools-for-stm32.7-2018-q2-update.linux64_1.0.0.201904181610/tools/bin/../lib/gcc/arm-none-eabi/7.3.1/../../../../arm-none-eabi/lib/thumb/v7-m/libc_nano.a(lib_a-snprintf.o) (_svfprintf_r)
/opt/st/stm32cubeide_1.2.0/plugins/com.st.stm32cube.ide.mcu.externaltools.gnu-tools-for-stm32.7-2018-q2-update.linux64_1.0.0.201904181610/tools/bin/../lib/gcc/arm-none-eabi/7.3.1/../../../../arm-none-eabi/lib/thumb/v7-m/libc_nano.a(lib_a-nano-vfprintf_i.o)
                              /opt/st/stm32cubeide_1.2.0/plugins/com.st.stm32cube.ide.mcu.externaltools.gnu-tools-for-stm32.7-2018-q2-update.linux64_1.0.0.201904181610/tools/bin/../lib/gcc/arm-none-eabi/7.3.1/../../../../arm-none-eabi/lib/thumb/v7-m/libc_nano.a(lib_a-nano-svfprintf.o) (_printf_i)
[...]
Memory Configuration

Name             Origin             Length             Attributes
RAM              0x0000000020000000 0x0000000000005000 xrw
FLASH            0x0000000008000000 0x0000000000010000 xr
*default*        0x0000000000000000 0xffffffffffffffff

Linker script and memory map

LOAD /opt/st/stm32cubeide_1.2.0/plugins/com.st.stm32cube.ide.mcu.externaltools.gnu-tools-for-stm32.7-2018-q2-update.linux64_1.0.0.201904181610/tools/bin/../lib/gcc/arm-none-eabi/7.3.1/thumb/v7-m/crti.o
LOAD /opt/st/stm32cubeide_1.2.0/plugins/com.st.stm32cube.ide.mcu.externaltools.gnu-tools-for-stm32.7-2018-q2-update.linux64_1.0.0.201904181610/tools/bin/../lib/gcc/arm-none-eabi/7.3.1/thumb/v7-m/crtbegin.o
LOAD /opt/st/stm32cubeide_1.2.0/plugins/com.st.stm32cube.ide.mcu.externaltools.gnu-tools-for-stm32.7-2018-q2-update.linux64_1.0.0.201904181610/tools/bin/../lib/gcc/arm-none-eabi/7.3.1/../../../../arm-none-eabi/lib/thumb/v7-m/crt0.o
LOAD Core/Src/MY_NRF24.o
LOAD Core/Src/i2c-lcd.o
LOAD Core/Src/main.o
LOAD Core/Src/stm32f1xx_hal_msp.o
LOAD Core/Src/stm32f1xx_it.o
LOAD Core/Src/syscalls.o
LOAD Core/Src/sysmem.o
LOAD Core/Src/system_stm32f1xx.o
LOAD Core/Startup/startup_stm32f103c8tx.o
LOAD Drivers/STM32F1xx_HAL_Driver/Src/stm32f1xx_hal.o
LOAD Drivers/STM32F1xx_HAL_Driver/Src/stm32f1xx_hal_cortex.o
LOAD Drivers/STM32F1xx_HAL_Driver/Src/stm32f1xx_hal_dma.o
LOAD Drivers/STM32F1xx_HAL_Driver/Src/stm32f1xx_hal_exti.o
LOAD Drivers/STM32F1xx_HAL_Driver/Src/stm32f1xx_hal_flash.o
LOAD Drivers/STM32F1xx_HAL_Driver/Src/stm32f1xx_hal_flash_ex.o
LOAD Drivers/STM32F1xx_HAL_Driver/Src/stm32f1xx_hal_gpio.o
LOAD Drivers/STM32F1xx_HAL_Driver/Src/stm32f1xx_hal_gpio_ex.o
LOAD Drivers/STM32F1xx_HAL_Driver/Src/stm32f1xx_hal_i2c.o
LOAD Drivers/STM32F1xx_HAL_Driver/Src/stm32f1xx_hal_pwr.o
LOAD Drivers/STM32F1xx_HAL_Driver/Src/stm32f1xx_hal_rcc.o
LOAD Drivers/STM32F1xx_HAL_Driver/Src/stm32f1xx_hal_rcc_ex.o
LOAD Drivers/STM32F1xx_HAL_Driver/Src/stm32f1xx_hal_spi.o
LOAD Drivers/STM32F1xx_HAL_Driver/Src/stm32f1xx_hal_tim.o
LOAD Drivers/STM32F1xx_HAL_Driver/Src/stm32f1xx_hal_tim_ex.o
LOAD Drivers/STM32F1xx_HAL_Driver/Src/stm32f1xx_hal_uart.o
START GROUP
LOAD /opt/st/stm32cubeide_1.2.0/plugins/com.st.stm32cube.ide.mcu.externaltools.gnu-tools-for-stm32.7-2018-q2-update.linux64_1.0.0.201904181610/tools/bin/../lib/gcc/arm-none-eabi/7.3.1/../../../../arm-none-eabi/lib/thumb/v7-m/libc_nano.a
LOAD /opt/st/stm32cubeide_1.2.0/plugins/com.st.stm32cube.ide.mcu.externaltools.gnu-tools-for-stm32.7-2018-q2-update.linux64_1.0.0.201904181610/tools/bin/../lib/gcc/arm-none-eabi/7.3.1/../../../../arm-none-eabi/lib/thumb/v7-m/libm.a
END GROUP
START GROUP
LOAD /opt/st/stm32cubeide_1.2.0/plugins/com.st.stm32cube.ide.mcu.externaltools.gnu-tools-for-stm32.7-2018-q2-update.linux64_1.0.0.201904181610/tools/bin/../lib/gcc/arm-none-eabi/7.3.1/thumb/v7-m/libgcc.a
LOAD /opt/st/stm32cubeide_1.2.0/plugins/com.st.stm32cube.ide.mcu.externaltools.gnu-tools-for-stm32.7-2018-q2-update.linux64_1.0.0.201904181610/tools/bin/../lib/gcc/arm-none-eabi/7.3.1/../../../../arm-none-eabi/lib/thumb/v7-m/libc_nano.a
END GROUP
START GROUP
LOAD /opt/st/stm32cubeide_1.2.0/plugins/com.st.stm32cube.ide.mcu.externaltools.gnu-tools-for-stm32.7-2018-q2-update.linux64_1.0.0.201904181610/tools/bin/../lib/gcc/arm-none-eabi/7.3.1/thumb/v7-m/libgcc.a
LOAD /opt/st/stm32cubeide_1.2.0/plugins/com.st.stm32cube.ide.mcu.externaltools.gnu-tools-for-stm32.7-2018-q2-update.linux64_1.0.0.201904181610/tools/bin/../lib/gcc/arm-none-eabi/7.3.1/../../../../arm-none-eabi/lib/thumb/v7-m/libc_nano.a
LOAD /opt/st/stm32cubeide_1.2.0/plugins/com.st.stm32cube.ide.mcu.externaltools.gnu-tools-for-stm32.7-2018-q2-update.linux64_1.0.0.201904181610/tools/bin/../lib/gcc/arm-none-eabi/7.3.1/../../../../arm-none-eabi/lib/thumb/v7-m/libnosys.a
END GROUP
START GROUP
LOAD /opt/st/stm32cubeide_1.2.0/plugins/com.st.stm32cube.ide.mcu.externaltools.gnu-tools-for-stm32.7-2018-q2-update.linux64_1.0.0.201904181610/tools/bin/../lib/gcc/arm-none-eabi/7.3.1/thumb/v7-m/libgcc.a
LOAD /opt/st/stm32cubeide_1.2.0/plugins/com.st.stm32cube.ide.mcu.externaltools.gnu-tools-for-stm32.7-2018-q2-update.linux64_1.0.0.201904181610/tools/bin/../lib/gcc/arm-none-eabi/7.3.1/../../../../arm-none-eabi/lib/thumb/v7-m/libc_nano.a
LOAD /opt/st/stm32cubeide_1.2.0/plugins/com.st.stm32cube.ide.mcu.externaltools.gnu-tools-for-stm32.7-2018-q2-update.linux64_1.0.0.201904181610/tools/bin/../lib/gcc/arm-none-eabi/7.3.1/../../../../arm-none-eabi/lib/thumb/v7-m/libnosys.a
END GROUP
LOAD /opt/st/stm32cubeide_1.2.0/plugins/com.st.stm32cube.ide.mcu.externaltools.gnu-tools-for-stm32.7-2018-q2-update.linux64_1.0.0.201904181610/tools/bin/../lib/gcc/arm-none-eabi/7.3.1/thumb/v7-m/crtend.o
LOAD /opt/st/stm32cubeide_1.2.0/plugins/com.st.stm32cube.ide.mcu.externaltools.gnu-tools-for-stm32.7-2018-q2-update.linux64_1.0.0.201904181610/tools/bin/../lib/gcc/arm-none-eabi/7.3.1/thumb/v7-m/crtn.o
                0x0000000020005000                _estack = (ORIGIN (RAM) + LENGTH (RAM))
                0x0000000000000200                _Min_Heap_Size = 0x200
                0x0000000000000400                _Min_Stack_Size = 0x400

.isr_vector     0x0000000008000000      0x10c
                0x0000000008000000                . = ALIGN (0x4)
 *(.isr_vector)
 .isr_vector    0x0000000008000000      0x10c Core/Startup/startup_stm32f103c8tx.o
                0x0000000008000000                g_pfnVectors
                0x000000000800010c                . = ALIGN (0x4)

.text           0x000000000800010c     0x4cfc
                0x000000000800010c                . = ALIGN (0x4)
 *(.text)
 .text          0x000000000800010c       0x40 /opt/st/stm32cubeide_1.2.0/plugins/com.st.stm32cube.ide.mcu.externaltools.gnu-tools-for-stm32.7-2018-q2-update.linux64_1.0.0.201904181610/tools/bin/../lib/gcc/arm-none-eabi/7.3.1/thumb/v7-m/crtbegin.o
 .text          0x000000000800014c       0x10 /opt/st/stm32cubeide_1.2.0/plugins/com.st.stm32cube.ide.mcu.externaltools.gnu-tools-for-stm32.7-2018-q2-update.linux64_1.0.0.201904181610/tools/bin/../lib/gcc/arm-none-eabi/7.3.1/../../../../arm-none-eabi/lib/thumb/v7-m/libc_nano.a(lib_a-strlen.o)
                0x000000000800014c                strlen
 *(.text*)
 .text.NRF24_DelayMicroSeconds
                0x000000000800015c       0x40 Core/Src/MY_NRF24.o
                0x000000000800015c                NRF24_DelayMicroSeconds
 .text.NRF24_csn
                0x000000000800019c       0x40 Core/Src/MY_NRF24.o
                0x000000000800019c                NRF24_csn
 .text.NRF24_ce
                0x00000000080001dc       0x40 Core/Src/MY_NRF24.o
                0x00000000080001dc                NRF24_ce
 .text.NRF24_read_register
                0x000000000800021c       0x50 Core/Src/MY_NRF24.o
                0x000000000800021c                NRF24_read_register
 .text.NRF24_read_registerN
                0x000000000800026c       0x50 Core/Src/MY_NRF24.o
                0x000000000800026c                NRF24_read_registerN
 .text.NRF24_write_register
                0x00000000080002bc       0x44 Core/Src/MY_NRF24.o
                0x00000000080002bc                NRF24_write_register
 .text.NRF24_write_registerN
                0x0000000008000300       0x50 Core/Src/MY_NRF24.o
                0x0000000008000300                NRF24_write_registerN
 .text.NRF24_write_payload
                0x0000000008000350       0x44 Core/Src/MY_NRF24.o
                0x0000000008000350                NRF24_write_payload
 .text.NRF24_read_payload
                0x0000000008000394       0x60 Core/Src/MY_NRF24.o
                0x0000000008000394                NRF24_read_payload
 .text.NRF24_flush_tx
                0x00000000080003f4       0x10 Core/Src/MY_NRF24.o
                0x00000000080003f4                NRF24_flush_tx
 .text.NRF24_flush_rx
                0x0000000008000404       0x10 Core/Src/MY_NRF24.o
                0x0000000008000404                NRF24_flush_rx
 .text.NRF24_get_status
                0x0000000008000414       0x1a Core/Src/MY_NRF24.o
                0x0000000008000414                NRF24_get_status
 *fill*         0x000000000800042e        0x2 
 .text.NRF24_begin
                0x0000000008000430      0x1c0 Core/Src/MY_NRF24.o
                0x0000000008000430                NRF24_begin
 .text.NRF24_stopListening
                0x00000000080005f0       0x16 Core/Src/MY_NRF24.o
                0x00000000080005f0                NRF24_stopListening
 *fill*         0x0000000008000606        0x2 
 .text.NRF24_write
                0x0000000008000608       0x98 Core/Src/MY_NRF24.o
                0x0000000008000608                NRF24_write
 .text.NRF24_available
                0x00000000080006a0       0x10 Core/Src/MY_NRF24.o
                0x00000000080006a0                NRF24_available
 .text.NRF24_read
                0x00000000080006b0       0x40 Core/Src/MY_NRF24.o
                0x00000000080006b0                NRF24_read
 .text.NRF24_openWritingPipe
                0x00000000080006f0       0x48 Core/Src/MY_NRF24.o
                0x00000000080006f0                NRF24_openWritingPipe
 .text.NRF24_setRetries
                0x0000000008000738       0x36 Core/Src/MY_NRF24.o
                0x0000000008000738                NRF24_setRetries
 .text.NRF24_setChannel
                0x000000000800076e       0x2a Core/Src/MY_NRF24.o
                0x000000000800076e                NRF24_setChannel
 .text.NRF24_setPayloadSize
                0x0000000008000798       0x2c Core/Src/MY_NRF24.o
                0x0000000008000798                NRF24_setPayloadSize
 .text.NRF24_getPayloadSize
                0x00000000080007c4       0x14 Core/Src/MY_NRF24.o
                0x00000000080007c4                NRF24_getPayloadSize
 .text.NRF24_getDynamicPayloadSize
                0x00000000080007d8       0x10 Core/Src/MY_NRF24.o
                0x00000000080007d8                NRF24_getDynamicPayloadSize
 .text.NRF24_enableAckPayload
                0x00000000080007e8       0x5a Core/Src/MY_NRF24.o
                0x00000000080007e8                NRF24_enableAckPayload
 *fill*         0x0000000008000842        0x2 
 .text.NRF24_enableDynamicPayloads
                0x0000000008000844       0x64 Core/Src/MY_NRF24.o
                0x0000000008000844                NRF24_enableDynamicPayloads
 .text.NRF24_disableDynamicPayloads
                0x00000000080008a8       0x30 Core/Src/MY_NRF24.o
                0x00000000080008a8                NRF24_disableDynamicPayloads
 .text.NRF24_setAutoAck
                0x00000000080008d8       0x2a Core/Src/MY_NRF24.o
                0x00000000080008d8                NRF24_setAutoAck
 .text.NRF24_setPALevel
                0x0000000008000902       0x72 Core/Src/MY_NRF24.o
                0x0000000008000902                NRF24_setPALevel
 .text.NRF24_setDataRate
                0x0000000008000974       0x8c Core/Src/MY_NRF24.o
                0x0000000008000974                NRF24_setDataRate
 .text.NRF24_setCRCLength
                0x0000000008000a00       0x50 Core/Src/MY_NRF24.o
                0x0000000008000a00                NRF24_setCRCLength
 .text.NRF24_powerDown
                0x0000000008000a50       0x1e Core/Src/MY_NRF24.o
                0x0000000008000a50                NRF24_powerDown
 .text.NRF24_availablePipe
                0x0000000008000a6e       0x60 Core/Src/MY_NRF24.o
                0x0000000008000a6e                NRF24_availablePipe
 .text.NRF24_startWrite
                0x0000000008000ace       0x52 Core/Src/MY_NRF24.o
                0x0000000008000ace                NRF24_startWrite
 .text.NRF24_whatHappened
                0x0000000008000b20       0x66 Core/Src/MY_NRF24.o
                0x0000000008000b20                NRF24_whatHappened
 .text.NRF24_resetStatus
                0x0000000008000b86       0x10 Core/Src/MY_NRF24.o
                0x0000000008000b86                NRF24_resetStatus
 *fill*         0x0000000008000b96        0x2 
 .text.NRF24_ACTIVATE_cmd
                0x0000000008000b98       0x34 Core/Src/MY_NRF24.o
                0x0000000008000b98                NRF24_ACTIVATE_cmd
 .text.printRadioSettings
                0x0000000008000bcc      0x924 Core/Src/MY_NRF24.o
                0x0000000008000bcc                printRadioSettings
 .text.nrf24_DebugUART_Init
                0x00000000080014f0       0x38 Core/Src/MY_NRF24.o
                0x00000000080014f0                nrf24_DebugUART_Init
 .text.lcd_send_cmd
                0x0000000008001528       0x60 Core/Src/i2c-lcd.o
                0x0000000008001528                lcd_send_cmd
 .text.lcd_send_data
                0x0000000008001588       0x60 Core/Src/i2c-lcd.o
                0x0000000008001588                lcd_send_data
 .text.lcd_init
                0x00000000080015e8       0x7a Core/Src/i2c-lcd.o
                0x00000000080015e8                lcd_init
 .text.lcd_send_string
                0x0000000008001662       0x28 Core/Src/i2c-lcd.o
                0x0000000008001662                lcd_send_string
 *fill*         0x000000000800168a        0x2 
 .text.main     0x000000000800168c      0x1ec Core/Src/main.o
                0x000000000800168c                main
 .text.SystemClock_Config
                0x0000000008001878       0x8a Core/Src/main.o
                0x0000000008001878                SystemClock_Config
 *fill*         0x0000000008001902        0x2 
 .text.MX_I2C1_Init
                0x0000000008001904       0x5c Core/Src/main.o
 .text.MX_SPI1_Init
                0x0000000008001960       0x6c Core/Src/main.o
 .text.MX_SPI2_Init
                0x00000000080019cc       0x6c Core/Src/main.o
 .text.MX_USART1_UART_Init
                0x0000000008001a38       0x54 Core/Src/main.o
 .text.MX_GPIO_Init
                0x0000000008001a8c      0x104 Core/Src/main.o
 .text.HAL_GPIO_EXTI_Callback
                0x0000000008001b90       0x30 Core/Src/main.o
                0x0000000008001b90                HAL_GPIO_EXTI_Callback
 .text.GrayToBinary
                0x0000000008001bc0       0x30 Core/Src/main.o
                0x0000000008001bc0                GrayToBinary
 .text.Error_Handler
                0x0000000008001bf0        0xc Core/Src/main.o
                0x0000000008001bf0                Error_Handler
 .text.HAL_MspInit
                0x0000000008001bfc       0x44 Core/Src/stm32f1xx_hal_msp.o
                0x0000000008001bfc                HAL_MspInit
 .text.HAL_I2C_MspInit
                0x0000000008001c40       0x7c Core/Src/stm32f1xx_hal_msp.o
                0x0000000008001c40                HAL_I2C_MspInit
 .text.HAL_SPI_MspInit
                0x0000000008001cbc      0x10c Core/Src/stm32f1xx_hal_msp.o
                0x0000000008001cbc                HAL_SPI_MspInit
 .text.HAL_UART_MspInit
                0x0000000008001dc8       0x98 Core/Src/stm32f1xx_hal_msp.o
                0x0000000008001dc8                HAL_UART_MspInit
 .text.NMI_Handler
                0x0000000008001e60        0xc Core/Src/stm32f1xx_it.o
                0x0000000008001e60                NMI_Handler
 .text.HardFault_Handler
                0x0000000008001e6c        0x6 Core/Src/stm32f1xx_it.o
                0x0000000008001e6c                HardFault_Handler
 .text.MemManage_Handler
                0x0000000008001e72        0x6 Core/Src/stm32f1xx_it.o
                0x0000000008001e72                MemManage_Handler
 .text.BusFault_Handler
                0x0000000008001e78        0x6 Core/Src/stm32f1xx_it.o
                0x0000000008001e78                BusFault_Handler
 .text.UsageFault_Handler
                0x0000000008001e7e        0x6 Core/Src/stm32f1xx_it.o
                0x0000000008001e7e                UsageFault_Handler
 .text.SVC_Handler
                0x0000000008001e84        0xc Core/Src/stm32f1xx_it.o
                0x0000000008001e84                SVC_Handler
 .text.DebugMon_Handler
                0x0000000008001e90        0xc Core/Src/stm32f1xx_it.o
                0x0000000008001e90                DebugMon_Handler
 .text.PendSV_Handler
                0x0000000008001e9c        0xc Core/Src/stm32f1xx_it.o
                0x0000000008001e9c                PendSV_Handler
 .text.SysTick_Handler
                0x0000000008001ea8        0xc Core/Src/stm32f1xx_it.o
                0x0000000008001ea8                SysTick_Handler
 .text.EXTI2_IRQHandler
                0x0000000008001eb4        0xe Core/Src/stm32f1xx_it.o
                0x0000000008001eb4                EXTI2_IRQHandler
 *fill*         0x0000000008001ec2        0x2 
 .text._sbrk    0x0000000008001ec4       0x58 Core/Src/sysmem.o
                0x0000000008001ec4                _sbrk
 .text.SystemInit
                0x0000000008001f1c       0x68 Core/Src/system_stm32f1xx.o
                0x0000000008001f1c                SystemInit
 .text.Reset_Handler
                0x0000000008001f84       0x48 Core/Startup/startup_stm32f103c8tx.o
                0x0000000008001f84                Reset_Handler
 .text.Default_Handler
                0x0000000008001fcc        0x2 Core/Startup/startup_stm32f103c8tx.o
                0x0000000008001fcc                RTC_Alarm_IRQHandler
                0x0000000008001fcc                TIM1_CC_IRQHandler
                0x0000000008001fcc                PVD_IRQHandler
                0x0000000008001fcc                EXTI3_IRQHandler
                0x0000000008001fcc                EXTI0_IRQHandler
                0x0000000008001fcc                I2C2_EV_IRQHandler
                0x0000000008001fcc                ADC1_2_IRQHandler
                0x0000000008001fcc                SPI1_IRQHandler
                0x0000000008001fcc                TAMPER_IRQHandler
                0x0000000008001fcc                DMA1_Channel4_IRQHandler
                0x0000000008001fcc                USART3_IRQHandler
                0x0000000008001fcc                RTC_IRQHandler
                0x0000000008001fcc                DMA1_Channel7_IRQHandler
                0x0000000008001fcc                CAN1_RX1_IRQHandler
                0x0000000008001fcc                TIM4_IRQHandler
                0x0000000008001fcc                I2C1_EV_IRQHandler
                0x0000000008001fcc                DMA1_Channel6_IRQHandler
                0x0000000008001fcc                TIM3_IRQHandler
                0x0000000008001fcc                RCC_IRQHandler
                0x0000000008001fcc                TIM1_TRG_COM_IRQHandler
                0x0000000008001fcc                DMA1_Channel1_IRQHandler
                0x0000000008001fcc                Default_Handler
                0x0000000008001fcc                EXTI15_10_IRQHandler
                0x0000000008001fcc                EXTI9_5_IRQHandler
                0x0000000008001fcc                SPI2_IRQHandler
                0x0000000008001fcc                DMA1_Channel5_IRQHandler
                0x0000000008001fcc                EXTI4_IRQHandler
                0x0000000008001fcc                USB_LP_CAN1_RX0_IRQHandler
                0x0000000008001fcc                USB_HP_CAN1_TX_IRQHandler
                0x0000000008001fcc                DMA1_Channel3_IRQHandler
                0x0000000008001fcc                TIM1_UP_IRQHandler
                0x0000000008001fcc                WWDG_IRQHandler
                0x0000000008001fcc                TIM2_IRQHandler
                0x0000000008001fcc                TIM1_BRK_IRQHandler
                0x0000000008001fcc                EXTI1_IRQHandler
                0x0000000008001fcc                USART2_IRQHandler
                0x0000000008001fcc                I2C2_ER_IRQHandler
                0x0000000008001fcc                DMA1_Channel2_IRQHandler
                0x0000000008001fcc                CAN1_SCE_IRQHandler
                0x0000000008001fcc                FLASH_IRQHandler
                0x0000000008001fcc                USART1_IRQHandler
                0x0000000008001fcc                I2C1_ER_IRQHandler
                0x0000000008001fcc                USBWakeUp_IRQHandler
 *fill*         0x0000000008001fce        0x2 
 .text.HAL_Init
                0x0000000008001fd0       0x2c Drivers/STM32F1xx_HAL_Driver/Src/stm32f1xx_hal.o
                0x0000000008001fd0                HAL_Init
 .text.HAL_InitTick
                0x0000000008001ffc       0x60 Drivers/STM32F1xx_HAL_Driver/Src/stm32f1xx_hal.o
                0x0000000008001ffc                HAL_InitTick
 .text.HAL_IncTick
                0x000000000800205c       0x24 Drivers/STM32F1xx_HAL_Driver/Src/stm32f1xx_hal.o
                0x000000000800205c                HAL_IncTick
 .text.HAL_GetTick
                0x0000000008002080       0x14 Drivers/STM32F1xx_HAL_Driver/Src/stm32f1xx_hal.o
                0x0000000008002080                HAL_GetTick
 .text.HAL_Delay
                0x0000000008002094       0x44 Drivers/STM32F1xx_HAL_Driver/Src/stm32f1xx_hal.o
                0x0000000008002094                HAL_Delay
 .text.__NVIC_SetPriorityGrouping
                0x00000000080020d8       0x48 Drivers/STM32F1xx_HAL_Driver/Src/stm32f1xx_hal_cortex.o
 .text.__NVIC_GetPriorityGrouping
                0x0000000008002120       0x1c Drivers/STM32F1xx_HAL_Driver/Src/stm32f1xx_hal_cortex.o
 .text.__NVIC_EnableIRQ
                0x000000000800213c       0x38 Drivers/STM32F1xx_HAL_Driver/Src/stm32f1xx_hal_cortex.o
 .text.__NVIC_SetPriority
                0x0000000008002174       0x54 Drivers/STM32F1xx_HAL_Driver/Src/stm32f1xx_hal_cortex.o
 .text.NVIC_EncodePriority
                0x00000000080021c8       0x64 Drivers/STM32F1xx_HAL_Driver/Src/stm32f1xx_hal_cortex.o
 .text.SysTick_Config
                0x000000000800222c       0x44 Drivers/STM32F1xx_HAL_Driver/Src/stm32f1xx_hal_cortex.o
 .text.HAL_NVIC_SetPriorityGrouping
                0x0000000008002270       0x16 Drivers/STM32F1xx_HAL_Driver/Src/stm32f1xx_hal_cortex.o
                0x0000000008002270                HAL_NVIC_SetPriorityGrouping
 .text.HAL_NVIC_SetPriority
                0x0000000008002286       0x38 Drivers/STM32F1xx_HAL_Driver/Src/stm32f1xx_hal_cortex.o
                0x0000000008002286                HAL_NVIC_SetPriority
 .text.HAL_NVIC_EnableIRQ
                0x00000000080022be       0x1c Drivers/STM32F1xx_HAL_Driver/Src/stm32f1xx_hal_cortex.o
                0x00000000080022be                HAL_NVIC_EnableIRQ
 .text.HAL_SYSTICK_Config
                0x00000000080022da       0x18 Drivers/STM32F1xx_HAL_Driver/Src/stm32f1xx_hal_cortex.o
                0x00000000080022da                HAL_SYSTICK_Config
 *fill*         0x00000000080022f2        0x2 
 .text.HAL_GPIO_Init
                0x00000000080022f4      0x2b4 Drivers/STM32F1xx_HAL_Driver/Src/stm32f1xx_hal_gpio.o
                0x00000000080022f4                HAL_GPIO_Init
 .text.HAL_GPIO_WritePin
                0x00000000080025a8       0x30 Drivers/STM32F1xx_HAL_Driver/Src/stm32f1xx_hal_gpio.o
                0x00000000080025a8                HAL_GPIO_WritePin
 .text.HAL_GPIO_TogglePin
                0x00000000080025d8       0x30 Drivers/STM32F1xx_HAL_Driver/Src/stm32f1xx_hal_gpio.o
                0x00000000080025d8                HAL_GPIO_TogglePin
 .text.HAL_GPIO_EXTI_IRQHandler
                0x0000000008002608       0x30 Drivers/STM32F1xx_HAL_Driver/Src/stm32f1xx_hal_gpio.o
                0x0000000008002608                HAL_GPIO_EXTI_IRQHandler
 .text.HAL_I2C_Init
                0x0000000008002638      0x250 Drivers/STM32F1xx_HAL_Driver/Src/stm32f1xx_hal_i2c.o
                0x0000000008002638                HAL_I2C_Init
 .text.HAL_I2C_Master_Transmit
                0x0000000008002888      0x1fc Drivers/STM32F1xx_HAL_Driver/Src/stm32f1xx_hal_i2c.o
                0x0000000008002888                HAL_I2C_Master_Transmit
 .text.I2C_MasterRequestWrite
                0x0000000008002a84       0xec Drivers/STM32F1xx_HAL_Driver/Src/stm32f1xx_hal_i2c.o
 .text.I2C_WaitOnFlagUntilTimeout
                0x0000000008002b70       0xae Drivers/STM32F1xx_HAL_Driver/Src/stm32f1xx_hal_i2c.o
 .text.I2C_WaitOnMasterAddressFlagUntilTimeout
                0x0000000008002c1e       0xfe Drivers/STM32F1xx_HAL_Driver/Src/stm32f1xx_hal_i2c.o
 .text.I2C_WaitOnTXEFlagUntilTimeout
                0x0000000008002d1c       0x82 Drivers/STM32F1xx_HAL_Driver/Src/stm32f1xx_hal_i2c.o
 .text.I2C_WaitOnBTFFlagUntilTimeout
                0x0000000008002d9e       0x82 Drivers/STM32F1xx_HAL_Driver/Src/stm32f1xx_hal_i2c.o
 .text.I2C_IsAcknowledgeFailed
                0x0000000008002e20       0x5c Drivers/STM32F1xx_HAL_Driver/Src/stm32f1xx_hal_i2c.o
 .text.HAL_RCC_OscConfig
                0x0000000008002e7c      0x500 Drivers/STM32F1xx_HAL_Driver/Src/stm32f1xx_hal_rcc.o
                0x0000000008002e7c                HAL_RCC_OscConfig
 .text.HAL_RCC_ClockConfig
                0x000000000800337c      0x1d4 Drivers/STM32F1xx_HAL_Driver/Src/stm32f1xx_hal_rcc.o
                0x000000000800337c                HAL_RCC_ClockConfig
 .text.HAL_RCC_GetSysClockFreq
                0x0000000008003550       0xc4 Drivers/STM32F1xx_HAL_Driver/Src/stm32f1xx_hal_rcc.o
                0x0000000008003550                HAL_RCC_GetSysClockFreq
 .text.HAL_RCC_GetHCLKFreq
                0x0000000008003614       0x14 Drivers/STM32F1xx_HAL_Driver/Src/stm32f1xx_hal_rcc.o
                0x0000000008003614                HAL_RCC_GetHCLKFreq
 .text.HAL_RCC_GetPCLK1Freq
                0x0000000008003628       0x28 Drivers/STM32F1xx_HAL_Driver/Src/stm32f1xx_hal_rcc.o
                0x0000000008003628                HAL_RCC_GetPCLK1Freq
 .text.HAL_RCC_GetPCLK2Freq
                0x0000000008003650       0x28 Drivers/STM32F1xx_HAL_Driver/Src/stm32f1xx_hal_rcc.o
                0x0000000008003650                HAL_RCC_GetPCLK2Freq
 .text.RCC_Delay
                0x0000000008003678       0x3c Drivers/STM32F1xx_HAL_Driver/Src/stm32f1xx_hal_rcc.o
 .text.HAL_SPI_Init
                0x00000000080036b4       0xc2 Drivers/STM32F1xx_HAL_Driver/Src/stm32f1xx_hal_spi.o
                0x00000000080036b4                HAL_SPI_Init
 .text.HAL_SPI_Transmit
                0x0000000008003776      0x268 Drivers/STM32F1xx_HAL_Driver/Src/stm32f1xx_hal_spi.o
                0x0000000008003776                HAL_SPI_Transmit
 .text.HAL_SPI_Receive
                0x00000000080039de      0x212 Drivers/STM32F1xx_HAL_Driver/Src/stm32f1xx_hal_spi.o
                0x00000000080039de                HAL_SPI_Receive
 .text.HAL_SPI_TransmitReceive
                0x0000000008003bf0      0x344 Drivers/STM32F1xx_HAL_Driver/Src/stm32f1xx_hal_spi.o
                0x0000000008003bf0                HAL_SPI_TransmitReceive
 .text.SPI_WaitFlagStateUntilTimeout
                0x0000000008003f34       0xd4 Drivers/STM32F1xx_HAL_Driver/Src/stm32f1xx_hal_spi.o
 .text.SPI_EndRxTransaction
                0x0000000008004008       0xa4 Drivers/STM32F1xx_HAL_Driver/Src/stm32f1xx_hal_spi.o
 .text.SPI_EndRxTxTransaction
                0x00000000080040ac       0x3c Drivers/STM32F1xx_HAL_Driver/Src/stm32f1xx_hal_spi.o
 .text.HAL_UART_Init
                0x00000000080040e8       0x9a Drivers/STM32F1xx_HAL_Driver/Src/stm32f1xx_hal_uart.o
                0x00000000080040e8                HAL_UART_Init
 .text.HAL_UART_Transmit
                0x0000000008004182      0x132 Drivers/STM32F1xx_HAL_Driver/Src/stm32f1xx_hal_uart.o
                0x0000000008004182                HAL_UART_Transmit
 .text.UART_WaitOnFlagUntilTimeout
                0x00000000080042b4       0x94 Drivers/STM32F1xx_HAL_Driver/Src/stm32f1xx_hal_uart.o
 .text.UART_SetConfig
                0x0000000008004348      0x1b4 Drivers/STM32F1xx_HAL_Driver/Src/stm32f1xx_hal_uart.o
 .text.__errno  0x00000000080044fc        0xc /opt/st/stm32cubeide_1.2.0/plugins/com.st.stm32cube.ide.mcu.externaltools.gnu-tools-for-stm32.7-2018-q2-update.linux64_1.0.0.201904181610/tools/bin/../lib/gcc/arm-none-eabi/7.3.1/../../../../arm-none-eabi/lib/thumb/v7-m/libc_nano.a(lib_a-errno.o)
                0x00000000080044fc                __errno
 .text.__libc_init_array
                0x0000000008004508       0x48 /opt/st/stm32cubeide_1.2.0/plugins/com.st.stm32cube.ide.mcu.externaltools.gnu-tools-for-stm32.7-2018-q2-update.linux64_1.0.0.201904181610/tools/bin/../lib/gcc/arm-none-eabi/7.3.1/../../../../arm-none-eabi/lib/thumb/v7-m/libc_nano.a(lib_a-init.o)
                0x0000000008004508                __libc_init_array
 .text.memcpy   0x0000000008004550       0x16 /opt/st/stm32cubeide_1.2.0/plugins/com.st.stm32cube.ide.mcu.externaltools.gnu-tools-for-stm32.7-2018-q2-update.linux64_1.0.0.201904181610/tools/bin/../lib/gcc/arm-none-eabi/7.3.1/../../../../arm-none-eabi/lib/thumb/v7-m/libc_nano.a(lib_a-memcpy-stub.o)
                0x0000000008004550                memcpy
 .text.memset   0x0000000008004566       0x10 /opt/st/stm32cubeide_1.2.0/plugins/com.st.stm32cube.ide.mcu.externaltools.gnu-tools-for-stm32.7-2018-q2-update.linux64_1.0.0.201904181610/tools/bin/../lib/gcc/arm-none-eabi/7.3.1/../../../../arm-none-eabi/lib/thumb/v7-m/libc_nano.a(lib_a-memset.o)
                0x0000000008004566                memset
 *fill*         0x0000000008004576        0x2 
 .text.snprintf
                0x0000000008004578       0x68 /opt/st/stm32cubeide_1.2.0/plugins/com.st.stm32cube.ide.mcu.externaltools.gnu-tools-for-stm32.7-2018-q2-update.linux64_1.0.0.201904181610/tools/bin/../lib/gcc/arm-none-eabi/7.3.1/../../../../arm-none-eabi/lib/thumb/v7-m/libc_nano.a(lib_a-snprintf.o)
                0x0000000008004578                snprintf
                0x0000000008004578                sniprintf
 .text.sprintf  0x00000000080045e0       0x40 /opt/st/stm32cubeide_1.2.0/plugins/com.st.stm32cube.ide.mcu.externaltools.gnu-tools-for-stm32.7-2018-q2-update.linux64_1.0.0.201904181610/tools/bin/../lib/gcc/arm-none-eabi/7.3.1/../../../../arm-none-eabi/lib/thumb/v7-m/libc_nano.a(lib_a-sprintf.o)
                0x00000000080045e0                sprintf
                0x00000000080045e0                siprintf
 .text.__ssputs_r
                0x0000000008004620       0xb4 /opt/st/stm32cubeide_1.2.0/plugins/com.st.stm32cube.ide.mcu.externaltools.gnu-tools-for-stm32.7-2018-q2-update.linux64_1.0.0.201904181610/tools/bin/../lib/gcc/arm-none-eabi/7.3.1/../../../../arm-none-eabi/lib/thumb/v7-m/libc_nano.a(lib_a-nano-svfprintf.o)
                0x0000000008004620                __ssputs_r
 .text._svfprintf_r
                0x00000000080046d4      0x1f0 /opt/st/stm32cubeide_1.2.0/plugins/com.st.stm32cube.ide.mcu.externaltools.gnu-tools-for-stm32.7-2018-q2-update.linux64_1.0.0.201904181610/tools/bin/../lib/gcc/arm-none-eabi/7.3.1/../../../../arm-none-eabi/lib/thumb/v7-m/libc_nano.a(lib_a-nano-svfprintf.o)
                0x00000000080046d4                _svfprintf_r
                0x00000000080046d4                _svfiprintf_r
 .text._printf_common
                0x00000000080048c4       0xec /opt/st/stm32cubeide_1.2.0/plugins/com.st.stm32cube.ide.mcu.externaltools.gnu-tools-for-stm32.7-2018-q2-update.linux64_1.0.0.201904181610/tools/bin/../lib/gcc/arm-none-eabi/7.3.1/../../../../arm-none-eabi/lib/thumb/v7-m/libc_nano.a(lib_a-nano-vfprintf_i.o)
                0x00000000080048c4                _printf_common
 .text._printf_i
                0x00000000080049b0      0x224 /opt/st/stm32cubeide_1.2.0/plugins/com.st.stm32cube.ide.mcu.externaltools.gnu-tools-for-stm32.7-2018-q2-update.linux64_1.0.0.201904181610/tools/bin/../lib/gcc/arm-none-eabi/7.3.1/../../../../arm-none-eabi/lib/thumb/v7-m/libc_nano.a(lib_a-nano-vfprintf_i.o)
                0x00000000080049b0                _printf_i
 .text.memchr   0x0000000008004bd4       0x1c /opt/st/stm32cubeide_1.2.0/plugins/com.st.stm32cube.ide.mcu.externaltools.gnu-tools-for-stm32.7-2018-q2-update.linux64_1.0.0.201904181610/tools/bin/../lib/gcc/arm-none-eabi/7.3.1/../../../../arm-none-eabi/lib/thumb/v7-m/libc_nano.a(lib_a-memchr-stub.o)
                0x0000000008004bd4                memchr
 .text.memmove  0x0000000008004bf0       0x32 /opt/st/stm32cubeide_1.2.0/plugins/com.st.stm32cube.ide.mcu.externaltools.gnu-tools-for-stm32.7-2018-q2-update.linux64_1.0.0.201904181610/tools/bin/../lib/gcc/arm-none-eabi/7.3.1/../../../../arm-none-eabi/lib/thumb/v7-m/libc_nano.a(lib_a-memmove.o)
                0x0000000008004bf0                memmove
 *fill*         0x0000000008004c22        0x2 
 .text._free_r  0x0000000008004c24       0x98 /opt/st/stm32cubeide_1.2.0/plugins/com.st.stm32cube.ide.mcu.externaltools.gnu-tools-for-stm32.7-2018-q2-update.linux64_1.0.0.201904181610/tools/bin/../lib/gcc/arm-none-eabi/7.3.1/../../../../arm-none-eabi/lib/thumb/v7-m/libc_nano.a(lib_a-nano-freer.o)
                0x0000000008004c24                _free_r
 .text._malloc_r
                0x0000000008004cbc       0xb4 /opt/st/stm32cubeide_1.2.0/plugins/com.st.stm32cube.ide.mcu.externaltools.gnu-tools-for-stm32.7-2018-q2-update.linux64_1.0.0.201904181610/tools/bin/../lib/gcc/arm-none-eabi/7.3.1/../../../../arm-none-eabi/lib/thumb/v7-m/libc_nano.a(lib_a-nano-mallocr.o)
                0x0000000008004cbc                _malloc_r
 .text._realloc_r
                0x0000000008004d70       0x4c /opt/st/stm32cubeide_1.2.0/plugins/com.st.stm32cube.ide.mcu.externaltools.gnu-tools-for-stm32.7-2018-q2-update.linux64_1.0.0.201904181610/tools/bin/../lib/gcc/arm-none-eabi/7.3.1/../../../../arm-none-eabi/lib/thumb/v7-m/libc_nano.a(lib_a-nano-reallocr.o)
                0x0000000008004d70                _realloc_r
 .text._sbrk_r  0x0000000008004dbc       0x20 /opt/st/stm32cubeide_1.2.0/plugins/com.st.stm32cube.ide.mcu.externaltools.gnu-tools-for-stm32.7-2018-q2-update.linux64_1.0.0.201904181610/tools/bin/../lib/gcc/arm-none-eabi/7.3.1/../../../../arm-none-eabi/lib/thumb/v7-m/libc_nano.a(lib_a-sbrkr.o)
                0x0000000008004dbc                _sbrk_r
 .text.__malloc_lock
                0x0000000008004ddc        0x2 /opt/st/stm32cubeide_1.2.0/plugins/com.st.stm32cube.ide.mcu.externaltools.gnu-tools-for-stm32.7-2018-q2-update.linux64_1.0.0.201904181610/tools/bin/../lib/gcc/arm-none-eabi/7.3.1/../../../../arm-none-eabi/lib/thumb/v7-m/libc_nano.a(lib_a-mlock.o)
                0x0000000008004ddc                __malloc_lock
 .text.__malloc_unlock
                0x0000000008004dde        0x2 /opt/st/stm32cubeide_1.2.0/plugins/com.st.stm32cube.ide.mcu.externaltools.gnu-tools-for-stm32.7-2018-q2-update.linux64_1.0.0.201904181610/tools/bin/../lib/gcc/arm-none-eabi/7.3.1/../../../../arm-none-eabi/lib/thumb/v7-m/libc_nano.a(lib_a-mlock.o)
                0x0000000008004dde                __malloc_unlock
 .text._malloc_usable_size_r
                0x0000000008004de0       0x10 /opt/st/stm32cubeide_1.2.0/plugins/com.st.stm32cube.ide.mcu.externaltools.gnu-tools-for-stm32.7-2018-q2-update.linux64_1.0.0.201904181610/tools/bin/../lib/gcc/arm-none-eabi/7.3.1/../../../../arm-none-eabi/lib/thumb/v7-m/libc_nano.a(lib_a-nano-msizer.o)
                0x0000000008004de0                _malloc_usable_size_r
 *(.glue_7)
 .glue_7        0x0000000008004df0        0x0 linker stubs
 *(.glue_7t)
 .glue_7t       0x0000000008004df0        0x0 linker stubs
 *(.eh_frame)
 .eh_frame      0x0000000008004df0        0x0 /opt/st/stm32cubeide_1.2.0/plugins/com.st.stm32cube.ide.mcu.externaltools.gnu-tools-for-stm32.7-2018-q2-update.linux64_1.0.0.201904181610/tools/bin/../lib/gcc/arm-none-eabi/7.3.1/thumb/v7-m/crtbegin.o
 *(.init)
 .init          0x0000000008004df0        0x4 /opt/st/stm32cubeide_1.2.0/plugins/com.st.stm32cube.ide.mcu.externaltools.gnu-tools-for-stm32.7-2018-q2-update.linux64_1.0.0.201904181610/tools/bin/../lib/gcc/arm-none-eabi/7.3.1/thumb/v7-m/crti.o
                0x0000000008004df0                _init
 .init          0x0000000008004df4        0x8 /opt/st/stm32cubeide_1.2.0/plugins/com.st.stm32cube.ide.mcu.externaltools.gnu-tools-for-stm32.7-2018-q2-update.linux64_1.0.0.201904181610/tools/bin/../lib/gcc/arm-none-eabi/7.3.1/thumb/v7-m/crtn.o
 *(.fini)
 .fini          0x0000000008004dfc        0x4 /opt/st/stm32cubeide_1.2.0/plugins/com.st.stm32cube.ide.mcu.externaltools.gnu-tools-for-stm32.7-2018-q2-update.linux64_1.0.0.201904181610/tools/bin/../lib/gcc/arm-none-eabi/7.3.1/thumb/v7-m/crti.o
                0x0000000008004dfc                _fini
 .fini          0x0000000008004e00        0x8 /opt/st/stm32cubeide_1.2.0/plugins/com.st.stm32cube.ide.mcu.externaltools.gnu-tools-for-stm32.7-2018-q2-update.linux64_1.0.0.201904181610/tools/bin/../lib/gcc/arm-none-eabi/7.3.1/thumb/v7-m/crtn.o
                0x0000000008004e08                . = ALIGN (0x4)
                0x0000000008004e08                _etext = .

.vfp11_veneer   0x0000000008004e08        0x0
 .vfp11_veneer  0x0000000008004e08        0x0 linker stubs

.v4_bx          0x0000000008004e08        0x0
 .v4_bx         0x0000000008004e08        0x0 linker stubs

.iplt           0x0000000008004e08        0x0
 .iplt          0x0000000008004e08        0x0 /opt/st/stm32cubeide_1.2.0/plugins/com.st.stm32cube.ide.mcu.externaltools.gnu-tools-for-stm32.7-2018-q2-update.linux64_1.0.0.201904181610/tools/bin/../lib/gcc/arm-none-eabi/7.3.1/thumb/v7-m/crtbegin.o

.rodata         0x0000000008004e08      0x5f8
                0x0000000008004e08                . = ALIGN (0x4)
 *(.rodata)
 .rodata        0x0000000008004e08      0x541 Core/Src/MY_NRF24.o
 *fill*         0x0000000008005349        0x3 
 .rodata        0x000000000800534c       0x54 Core/Src/main.o
 .rodata        0x00000000080053a0       0x12 Drivers/STM32F1xx_HAL_Driver/Src/stm32f1xx_hal_rcc.o
 *(.rodata*)
 *fill*         0x00000000080053b2        0x2 
 .rodata.AHBPrescTable
                0x00000000080053b4       0x10 Core/Src/system_stm32f1xx.o
                0x00000000080053b4                AHBPrescTable
 .rodata.APBPrescTable
                0x00000000080053c4        0x8 Core/Src/system_stm32f1xx.o
                0x00000000080053c4                APBPrescTable
 .rodata._svfprintf_r.str1.1
                0x00000000080053cc       0x11 /opt/st/stm32cubeide_1.2.0/plugins/com.st.stm32cube.ide.mcu.externaltools.gnu-tools-for-stm32.7-2018-q2-update.linux64_1.0.0.201904181610/tools/bin/../lib/gcc/arm-none-eabi/7.3.1/../../../../arm-none-eabi/lib/thumb/v7-m/libc_nano.a(lib_a-nano-svfprintf.o)
 .rodata._printf_i.str1.1
                0x00000000080053dd       0x22 /opt/st/stm32cubeide_1.2.0/plugins/com.st.stm32cube.ide.mcu.externaltools.gnu-tools-for-stm32.7-2018-q2-update.linux64_1.0.0.201904181610/tools/bin/../lib/gcc/arm-none-eabi/7.3.1/../../../../arm-none-eabi/lib/thumb/v7-m/libc_nano.a(lib_a-nano-vfprintf_i.o)
                0x0000000008005400                . = ALIGN (0x4)
 *fill*         0x00000000080053ff        0x1 

.rel.dyn        0x0000000008005400        0x0
 .rel.iplt      0x0000000008005400        0x0 /opt/st/stm32cubeide_1.2.0/plugins/com.st.stm32cube.ide.mcu.externaltools.gnu-tools-for-stm32.7-2018-q2-update.linux64_1.0.0.201904181610/tools/bin/../lib/gcc/arm-none-eabi/7.3.1/thumb/v7-m/crtbegin.o

.ARM.extab      0x0000000008005400        0x0
                0x0000000008005400                . = ALIGN (0x4)
 *(.ARM.extab* .gnu.linkonce.armextab.*)
                0x0000000008005400                . = ALIGN (0x4)

.ARM            0x0000000008005400        0x0
                0x0000000008005400                . = ALIGN (0x4)
                0x0000000008005400                __exidx_start = .
 *(.ARM.exidx*)
                0x0000000008005400                __exidx_end = .
                0x0000000008005400                . = ALIGN (0x4)

.preinit_array  0x0000000008005400        0x0
                0x0000000008005400                . = ALIGN (0x4)
                0x0000000008005400                PROVIDE (__preinit_array_start = .)
 *(.preinit_array*)
                0x0000000008005400                PROVIDE (__preinit_array_end = .)
                0x0000000008005400                . = ALIGN (0x4)

.init_array     0x0000000008005400        0x4
                0x0000000008005400                . = ALIGN (0x4)
                0x0000000008005400                PROVIDE (__init_array_start = .)
 *(SORT_BY_NAME(.init_array.*))
 *(.init_array*)
 .init_array    0x0000000008005400        0x4 /opt/st/stm32cubeide_1.2.0/plugins/com.st.stm32cube.ide.mcu.externaltools.gnu-tools-for-stm32.7-2018-q2-update.linux64_1.0.0.201904181610/tools/bin/../lib/gcc/arm-none-eabi/7.3.1/thumb/v7-m/crtbegin.o
                0x0000000008005404                PROVIDE (__init_array_end = .)
                0x0000000008005404                . = ALIGN (0x4)

.fini_array     0x0000000008005404        0x4
                0x0000000008005404                . = ALIGN (0x4)
                [!provide]                        PROVIDE (__fini_array_start = .)
 *(SORT_BY_NAME(.fini_array.*))
 *(.fini_array*)
 .fini_array    0x0000000008005404        0x4 /opt/st/stm32cubeide_1.2.0/plugins/com.st.stm32cube.ide.mcu.externaltools.gnu-tools-for-stm32.7-2018-q2-update.linux64_1.0.0.201904181610/tools/bin/../lib/gcc/arm-none-eabi/7.3.1/thumb/v7-m/crtbegin.o
                [!provide]                        PROVIDE (__fini_array_end = .)
                0x0000000008005408                . = ALIGN (0x4)
                0x0000000008005408                _sidata = LOADADDR (.data)

.data           0x0000000020000000       0x98 load address 0x0000000008005408
                0x0000000020000000                . = ALIGN (0x4)
                0x0000000020000000                _sdata = .
 *(.data)
 *(.data*)
 .data.TxpipeAddrs
                0x0000000020000000        0x8 Core/Src/main.o
                0x0000000020000000                TxpipeAddrs
 .data.myTxData
                0x0000000020000008       0x20 Core/Src/main.o
                0x0000000020000008                myTxData
 .data.SystemCoreClock
                0x0000000020000028        0x4 Core/Src/system_stm32f1xx.o
                0x0000000020000028                SystemCoreClock
 .data.uwTickPrio
                0x000000002000002c        0x4 Drivers/STM32F1xx_HAL_Driver/Src/stm32f1xx_hal.o
                0x000000002000002c                uwTickPrio
 .data.uwTickFreq
                0x0000000020000030        0x1 Drivers/STM32F1xx_HAL_Driver/Src/stm32f1xx_hal.o
                0x0000000020000030                uwTickFreq
 *fill*         0x0000000020000031        0x3 
 .data._impure_ptr
                0x0000000020000034        0x4 /opt/st/stm32cubeide_1.2.0/plugins/com.st.stm32cube.ide.mcu.externaltools.gnu-tools-for-stm32.7-2018-q2-update.linux64_1.0.0.201904181610/tools/bin/../lib/gcc/arm-none-eabi/7.3.1/../../../../arm-none-eabi/lib/thumb/v7-m/libc_nano.a(lib_a-impure.o)
                0x0000000020000034                _impure_ptr
 .data.impure_data
                0x0000000020000038       0x60 /opt/st/stm32cubeide_1.2.0/plugins/com.st.stm32cube.ide.mcu.externaltools.gnu-tools-for-stm32.7-2018-q2-update.linux64_1.0.0.201904181610/tools/bin/../lib/gcc/arm-none-eabi/7.3.1/../../../../arm-none-eabi/lib/thumb/v7-m/libc_nano.a(lib_a-impure.o)
                0x0000000020000098                . = ALIGN (0x4)
                0x0000000020000098                _edata = .

.igot.plt       0x0000000020000098        0x0 load address 0x00000000080054a0
 .igot.plt      0x0000000020000098        0x0 /opt/st/stm32cubeide_1.2.0/plugins/com.st.stm32cube.ide.mcu.externaltools.gnu-tools-for-stm32.7-2018-q2-update.linux64_1.0.0.201904181610/tools/bin/../lib/gcc/arm-none-eabi/7.3.1/thumb/v7-m/crtbegin.o
                0x0000000020000098                . = ALIGN (0x4)

.bss            0x0000000020000098      0x26c load address 0x00000000080054a0
                0x0000000020000098                _sbss = .
                0x0000000020000098                __bss_start__ = _sbss
 *(.bss)
 .bss           0x0000000020000098       0x1c /opt/st/stm32cubeide_1.2.0/plugins/com.st.stm32cube.ide.mcu.externaltools.gnu-tools-for-stm32.7-2018-q2-update.linux64_1.0.0.201904181610/tools/bin/../lib/gcc/arm-none-eabi/7.3.1/thumb/v7-m/crtbegin.o
 *(.bss*)
 .bss.ack_payload_available
                0x00000000200000b4        0x1 Core/Src/MY_NRF24.o
 .bss.ack_payload_length
                0x00000000200000b5        0x1 Core/Src/MY_NRF24.o
 .bss.payload_size
                0x00000000200000b6        0x1 Core/Src/MY_NRF24.o
 .bss.dynamic_payloads_enabled
                0x00000000200000b7        0x1 Core/Src/MY_NRF24.o
 .bss.wide_band
                0x00000000200000b8        0x1 Core/Src/MY_NRF24.o
 *fill*         0x00000000200000b9        0x3 
 .bss.nrf24_PORT
                0x00000000200000bc        0x4 Core/Src/MY_NRF24.o
 .bss.nrf24_CSN_PIN
                0x00000000200000c0        0x2 Core/Src/MY_NRF24.o
 .bss.nrf24_CE_PIN
                0x00000000200000c2        0x2 Core/Src/MY_NRF24.o
 .bss.nrf24_hspi
                0x00000000200000c4       0x58 Core/Src/MY_NRF24.o
 .bss.nrf24_huart
                0x000000002000011c       0x40 Core/Src/MY_NRF24.o
 .bss.buf_tx    0x000000002000015c        0x3 Core/Src/main.o
                0x000000002000015c                buf_tx
 *fill*         0x000000002000015f        0x1 
 .bss.buf_rx    0x0000000020000160        0x3 Core/Src/main.o
                0x0000000020000160                buf_rx
 *fill*         0x0000000020000163        0x1 
 .bss.y         0x0000000020000164        0x4 Core/Src/main.o
                0x0000000020000164                y
 .bss.heap_end.5149
                0x0000000020000168        0x4 Core/Src/sysmem.o
 .bss.__malloc_free_list
                0x000000002000016c        0x4 /opt/st/stm32cubeide_1.2.0/plugins/com.st.stm32cube.ide.mcu.externaltools.gnu-tools-for-stm32.7-2018-q2-update.linux64_1.0.0.201904181610/tools/bin/../lib/gcc/arm-none-eabi/7.3.1/../../../../arm-none-eabi/lib/thumb/v7-m/libc_nano.a(lib_a-nano-mallocr.o)
                0x000000002000016c                __malloc_free_list
 .bss.__malloc_sbrk_start
                0x0000000020000170        0x4 /opt/st/stm32cubeide_1.2.0/plugins/com.st.stm32cube.ide.mcu.externaltools.gnu-tools-for-stm32.7-2018-q2-update.linux64_1.0.0.201904181610/tools/bin/../lib/gcc/arm-none-eabi/7.3.1/../../../../arm-none-eabi/lib/thumb/v7-m/libc_nano.a(lib_a-nano-mallocr.o)
                0x0000000020000170                __malloc_sbrk_start
 *(COMMON)
 COMMON         0x0000000020000174      0x188 Core/Src/main.o
                0x0000000020000174                hspi2
                0x00000000200001cc                AckPayload
                0x00000000200001ec                grau
                0x00000000200001f0                hi2c1
                0x0000000020000244                huart1
                0x0000000020000284                hspi1
                0x00000000200002dc                str
 COMMON         0x00000000200002fc        0x4 Drivers/STM32F1xx_HAL_Driver/Src/stm32f1xx_hal.o
                0x00000000200002fc                uwTick
 COMMON         0x0000000020000300        0x4 /opt/st/stm32cubeide_1.2.0/plugins/com.st.stm32cube.ide.mcu.externaltools.gnu-tools-for-stm32.7-2018-q2-update.linux64_1.0.0.201904181610/tools/bin/../lib/gcc/arm-none-eabi/7.3.1/../../../../arm-none-eabi/lib/thumb/v7-m/libc_nano.a(lib_a-reent.o)
                0x0000000020000300                errno
                0x0000000020000304                . = ALIGN (0x4)
                0x0000000020000304                _ebss = .
                0x0000000020000304                __bss_end__ = _ebss

._user_heap_stack
                0x0000000020000304      0x604 load address 0x00000000080054a0
                0x0000000020000308                . = ALIGN (0x8)
 *fill*         0x0000000020000304        0x4 
                0x0000000020000308                PROVIDE (end = .)
                [!provide]                        PROVIDE (_end = .)
                0x0000000020000508                . = (. + _Min_Heap_Size)
 *fill*         0x0000000020000308      0x200 
                0x0000000020000908                . = (. + _Min_Stack_Size)
 *fill*         0x0000000020000508      0x400 
                0x0000000020000908                . = ALIGN (0x8)

/DISCARD/
 libc.a(*)
 libm.a(*)
 libgcc.a(*)

.ARM.attributes
                0x0000000000000000       0x29
 *(.ARM.attributes)
 .ARM.attributes
                0x0000000000000000       0x1d /opt/st/stm32cubeide_1.2.0/plugins/com.st.stm32cube.ide.mcu.externaltools.gnu-tools-for-stm32.7-2018-q2-update.linux64_1.0.0.201904181610/tools/bin/../lib/gcc/arm-none-eabi/7.3.1/thumb/v7-m/crti.o
 .ARM.attributes
                0x000000000000001d       0x2d /opt/st/stm32cubeide_1.2.0/plugins/com.st.stm32cube.ide.mcu.externaltools.gnu-tools-for-stm32.7-2018-q2-update.linux64_1.0.0.201904181610/tools/bin/../lib/gcc/arm-none-eabi/7.3.1/thumb/v7-m/crtbegin.o
 .ARM.attributes
                0x000000000000004a       0x33 Core/Src/MY_NRF24.o
 .ARM.attributes
                0x000000000000007d       0x33 Core/Src/i2c-lcd.o
 .ARM.attributes
                0x00000000000000b0       0x33 Core/Src/main.o
 .ARM.attributes
                0x00000000000000e3       0x33 Core/Src/stm32f1xx_hal_msp.o
 .ARM.attributes
                0x0000000000000116       0x33 Core/Src/stm32f1xx_it.o
 .ARM.attributes
                0x0000000000000149       0x33 Core/Src/sysmem.o
 .ARM.attributes
                0x000000000000017c       0x33 Core/Src/system_stm32f1xx.o
 .ARM.attributes
                0x00000000000001af       0x21 Core/Startup/startup_stm32f103c8tx.o
 .ARM.attributes
                0x00000000000001d0       0x33 Drivers/STM32F1xx_HAL_Driver/Src/stm32f1xx_hal.o
 .ARM.attributes
                0x0000000000000203       0x33 Drivers/STM32F1xx_HAL_Driver/Src/stm32f1xx_hal_cortex.o
 .ARM.attributes
                0x0000000000000236       0x33 Drivers/STM32F1xx_HAL_Driver/Src/stm32f1xx_hal_gpio.o
 .ARM.attributes
                0x0000000000000269       0x33 Drivers/STM32F1xx_HAL_Driver/Src/stm32f1xx_hal_i2c.o
 .ARM.attributes
                0x000000000000029c       0x33 Drivers/STM32F1xx_HAL_Driver/Src/stm32f1xx_hal_rcc.o
 .ARM.attributes
                0x00000000000002cf       0x33 Drivers/STM32F1xx_HAL_Driver/Src/stm32f1xx_hal_spi.o
 .ARM.attributes
                0x0000000000000302       0x33 Drivers/STM32F1xx_HAL_Driver/Src/stm32f1xx_hal_uart.o
 .ARM.attributes
                0x0000000000000335       0x2d /opt/st/stm32cubeide_1.2.0/plugins/com.st.stm32cube.ide.mcu.externaltools.gnu-tools-for-stm32.7-2018-q2-update.linux64_1.0.0.201904181610/tools/bin/../lib/gcc/arm-none-eabi/7.3.1/../../../../arm-none-eabi/lib/thumb/v7-m/libc_nano.a(lib_a-errno.o)
 .ARM.attributes
                0x0000000000000362       0x2d /opt/st/stm32cubeide_1.2.0/plugins/com.st.stm32cube.ide.mcu.externaltools.gnu-tools-for-stm32.7-2018-q2-update.linux64_1.0.0.201904181610/tools/bin/../lib/gcc/arm-none-eabi/7.3.1/../../../../arm-none-eabi/lib/thumb/v7-m/libc_nano.a(lib_a-impure.o)
 .ARM.attributes
                0x000000000000038f       0x2d /opt/st/stm32cubeide_1.2.0/plugins/com.st.stm32cube.ide.mcu.externaltools.gnu-tools-for-stm32.7-2018-q2-update.linux64_1.0.0.201904181610/tools/bin/../lib/gcc/arm-none-eabi/7.3.1/../../../../arm-none-eabi/lib/thumb/v7-m/libc_nano.a(lib_a-init.o)
 .ARM.attributes
                0x00000000000003bc       0x2d /opt/st/stm32cubeide_1.2.0/plugins/com.st.stm32cube.ide.mcu.externaltools.gnu-tools-for-stm32.7-2018-q2-update.linux64_1.0.0.201904181610/tools/bin/../lib/gcc/arm-none-eabi/7.3.1/../../../../arm-none-eabi/lib/thumb/v7-m/libc_nano.a(lib_a-memcpy-stub.o)
 .ARM.attributes
                0x00000000000003e9       0x2d /opt/st/stm32cubeide_1.2.0/plugins/com.st.stm32cube.ide.mcu.externaltools.gnu-tools-for-stm32.7-2018-q2-update.linux64_1.0.0.201904181610/tools/bin/../lib/gcc/arm-none-eabi/7.3.1/../../../../arm-none-eabi/lib/thumb/v7-m/libc_nano.a(lib_a-memset.o)
 .ARM.attributes
                0x0000000000000416       0x2d /opt/st/stm32cubeide_1.2.0/plugins/com.st.stm32cube.ide.mcu.externaltools.gnu-tools-for-stm32.7-2018-q2-update.linux64_1.0.0.201904181610/tools/bin/../lib/gcc/arm-none-eabi/7.3.1/../../../../arm-none-eabi/lib/thumb/v7-m/libc_nano.a(lib_a-snprintf.o)
 .ARM.attributes
                0x0000000000000443       0x2d /opt/st/stm32cubeide_1.2.0/plugins/com.st.stm32cube.ide.mcu.externaltools.gnu-tools-for-stm32.7-2018-q2-update.linux64_1.0.0.201904181610/tools/bin/../lib/gcc/arm-none-eabi/7.3.1/../../../../arm-none-eabi/lib/thumb/v7-m/libc_nano.a(lib_a-sprintf.o)
 .ARM.attributes
                0x0000000000000470       0x17 /opt/st/stm32cubeide_1.2.0/plugins/com.st.stm32cube.ide.mcu.externaltools.gnu-tools-for-stm32.7-2018-q2-update.linux64_1.0.0.201904181610/tools/bin/../lib/gcc/arm-none-eabi/7.3.1/../../../../arm-none-eabi/lib/thumb/v7-m/libc_nano.a(lib_a-strlen.o)
 .ARM.attributes
                0x0000000000000487       0x2d /opt/st/stm32cubeide_1.2.0/plugins/com.st.stm32cube.ide.mcu.externaltools.gnu-tools-for-stm32.7-2018-q2-update.linux64_1.0.0.201904181610/tools/bin/../lib/gcc/arm-none-eabi/7.3.1/../../../../arm-none-eabi/lib/thumb/v7-m/libc_nano.a(lib_a-nano-svfprintf.o)
 .ARM.attributes
                0x00000000000004b4       0x2d /opt/st/stm32cubeide_1.2.0/plugins/com.st.stm32cube.ide.mcu.externaltools.gnu-tools-for-stm32.7-2018-q2-update.linux64_1.0.0.201904181610/tools/bin/../lib/gcc/arm-none-eabi/7.3.1/../../../../arm-none-eabi/lib/thumb/v7-m/libc_nano.a(lib_a-nano-vfprintf_i.o)
 .ARM.attributes
                0x00000000000004e1       0x2d /opt/st/stm32cubeide_1.2.0/plugins/com.st.stm32cube.ide.mcu.externaltools.gnu-tools-for-stm32.7-2018-q2-update.linux64_1.0.0.201904181610/tools/bin/../lib/gcc/arm-none-eabi/7.3.1/../../../../arm-none-eabi/lib/thumb/v7-m/libc_nano.a(lib_a-memchr-stub.o)
 .ARM.attributes
                0x000000000000050e       0x2d /opt/st/stm32cubeide_1.2.0/plugins/com.st.stm32cube.ide.mcu.externaltools.gnu-tools-for-stm32.7-2018-q2-update.linux64_1.0.0.201904181610/tools/bin/../lib/gcc/arm-none-eabi/7.3.1/../../../../arm-none-eabi/lib/thumb/v7-m/libc_nano.a(lib_a-memmove.o)
 .ARM.attributes
                0x000000000000053b       0x2d /opt/st/stm32cubeide_1.2.0/plugins/com.st.stm32cube.ide.mcu.externaltools.gnu-tools-for-stm32.7-2018-q2-update.linux64_1.0.0.201904181610/tools/bin/../lib/gcc/arm-none-eabi/7.3.1/../../../../arm-none-eabi/lib/thumb/v7-m/libc_nano.a(lib_a-nano-freer.o)
 .ARM.attributes
                0x0000000000000568       0x2d /opt/st/stm32cubeide_1.2.0/plugins/com.st.stm32cube.ide.mcu.externaltools.gnu-tools-for-stm32.7-2018-q2-update.linux64_1.0.0.201904181610/tools/bin/../lib/gcc/arm-none-eabi/7.3.1/../../../../arm-none-eabi/lib/thumb/v7-m/libc_nano.a(lib_a-nano-mallocr.o)
 .ARM.attributes
                0x0000000000000595       0x2d /opt/st/stm32cubeide_1.2.0/plugins/com.st.stm32cube.ide.mcu.externaltools.gnu-tools-for-stm32.7-2018-q2-update.linux64_1.0.0.201904181610/tools/bin/../lib/gcc/arm-none-eabi/7.3.1/../../../../arm-none-eabi/lib/thumb/v7-m/libc_nano.a(lib_a-nano-reallocr.o)
 .ARM.attributes
                0x00000000000005c2       0x2d /opt/st/stm32cubeide_1.2.0/plugins/com.st.stm32cube.ide.mcu.externaltools.gnu-tools-for-stm32.7-2018-q2-update.linux64_1.0.0.201904181610/tools/bin/../lib/gcc/arm-none-eabi/7.3.1/../../../../arm-none-eabi/lib/thumb/v7-m/libc_nano.a(lib_a-sbrkr.o)
 .ARM.attributes
                0x00000000000005ef       0x2d /opt/st/stm32cubeide_1.2.0/plugins/com.st.stm32cube.ide.mcu.externaltools.gnu-tools-for-stm32.7-2018-q2-update.linux64_1.0.0.201904181610/tools/bin/../lib/gcc/arm-none-eabi/7.3.1/../../../../arm-none-eabi/lib/thumb/v7-m/libc_nano.a(lib_a-mlock.o)
 .ARM.attributes
                0x000000000000061c       0x2d /opt/st/stm32cubeide_1.2.0/plugins/com.st.stm32cube.ide.mcu.externaltools.gnu-tools-for-stm32.7-2018-q2-update.linux64_1.0.0.201904181610/tools/bin/../lib/gcc/arm-none-eabi/7.3.1/../../../../arm-none-eabi/lib/thumb/v7-m/libc_nano.a(lib_a-nano-msizer.o)
 .ARM.attributes
                0x0000000000000649       0x2d /opt/st/stm32cubeide_1.2.0/plugins/com.st.stm32cube.ide.mcu.externaltools.gnu-tools-for-stm32.7-2018-q2-update.linux64_1.0.0.201904181610/tools/bin/../lib/gcc/arm-none-eabi/7.3.1/../../../../arm-none-eabi/lib/thumb/v7-m/libc_nano.a(lib_a-reent.o)
 .ARM.attributes
                0x0000000000000676       0x1d /opt/st/stm32cubeide_1.2.0/plugins/com.st.stm32cube.ide.mcu.externaltools.gnu-tools-for-stm32.7-2018-q2-update.linux64_1.0.0.201904181610/tools/bin/../lib/gcc/arm-none-eabi/7.3.1/thumb/v7-m/crtn.o
OUTPUT(peloro5.elf elf32-littlearm)

.debug_info     0x0000000000000000     0xc821
 .debug_info    0x0000000000000000     0x1d69 Core/Src/MY_NRF24.o
 .debug_info    0x0000000000001d69      0x763 Core/Src/i2c-lcd.o
 .debug_info    0x00000000000024cc     0x19bf Core/Src/main.o
 .debug_info    0x0000000000003e8b      0xdc7 Core/Src/stm32f1xx_hal_msp.o
 .debug_info    0x0000000000004c52      0x221 Core/Src/stm32f1xx_it.o
 .debug_info    0x0000000000004e73      0x91c Core/Src/sysmem.o
 .debug_info    0x000000000000578f      0x433 Core/Src/system_stm32f1xx.o
 .debug_info    0x0000000000005bc2       0x22 Core/Startup/startup_stm32f103c8tx.o
 .debug_info    0x0000000000005be4      0x6fe Drivers/STM32F1xx_HAL_Driver/Src/stm32f1xx_hal.o
 .debug_info    0x00000000000062e2      0xb46 Drivers/STM32F1xx_HAL_Driver/Src/stm32f1xx_hal_cortex.o
 .debug_info    0x0000000000006e28      0x681 Drivers/STM32F1xx_HAL_Driver/Src/stm32f1xx_hal_gpio.o
 .debug_info    0x00000000000074a9     0x2457 Drivers/STM32F1xx_HAL_Driver/Src/stm32f1xx_hal_i2c.o
 .debug_info    0x0000000000009900      0x804 Drivers/STM32F1xx_HAL_Driver/Src/stm32f1xx_hal_rcc.o
 .debug_info    0x000000000000a104     0x153a Drivers/STM32F1xx_HAL_Driver/Src/stm32f1xx_hal_spi.o
 .debug_info    0x000000000000b63e     0x11e3 Drivers/STM32F1xx_HAL_Driver/Src/stm32f1xx_hal_uart.o

.debug_abbrev   0x0000000000000000     0x1cf4
 .debug_abbrev  0x0000000000000000      0x34c Core/Src/MY_NRF24.o
 .debug_abbrev  0x000000000000034c      0x1a8 Core/Src/i2c-lcd.o
 .debug_abbrev  0x00000000000004f4      0x2eb Core/Src/main.o
 .debug_abbrev  0x00000000000007df      0x1c4 Core/Src/stm32f1xx_hal_msp.o
 .debug_abbrev  0x00000000000009a3       0xc6 Core/Src/stm32f1xx_it.o
 .debug_abbrev  0x0000000000000a69      0x1bb Core/Src/sysmem.o
 .debug_abbrev  0x0000000000000c24      0x134 Core/Src/system_stm32f1xx.o
 .debug_abbrev  0x0000000000000d58       0x12 Core/Startup/startup_stm32f103c8tx.o
 .debug_abbrev  0x0000000000000d6a      0x1d8 Drivers/STM32F1xx_HAL_Driver/Src/stm32f1xx_hal.o
 .debug_abbrev  0x0000000000000f42      0x2d5 Drivers/STM32F1xx_HAL_Driver/Src/stm32f1xx_hal_cortex.o
 .debug_abbrev  0x0000000000001217      0x1c0 Drivers/STM32F1xx_HAL_Driver/Src/stm32f1xx_hal_gpio.o
 .debug_abbrev  0x00000000000013d7      0x258 Drivers/STM32F1xx_HAL_Driver/Src/stm32f1xx_hal_i2c.o
 .debug_abbrev  0x000000000000162f      0x243 Drivers/STM32F1xx_HAL_Driver/Src/stm32f1xx_hal_rcc.o
 .debug_abbrev  0x0000000000001872      0x240 Drivers/STM32F1xx_HAL_Driver/Src/stm32f1xx_hal_spi.o
 .debug_abbrev  0x0000000000001ab2      0x242 Drivers/STM32F1xx_HAL_Driver/Src/stm32f1xx_hal_uart.o

.debug_aranges  0x0000000000000000      0xca8
 .debug_aranges
                0x0000000000000000      0x1d0 Core/Src/MY_NRF24.o
 .debug_aranges
                0x00000000000001d0       0x48 Core/Src/i2c-lcd.o
 .debug_aranges
                0x0000000000000218       0x70 Core/Src/main.o
 .debug_aranges
                0x0000000000000288       0x50 Core/Src/stm32f1xx_hal_msp.o
 .debug_aranges
                0x00000000000002d8       0x68 Core/Src/stm32f1xx_it.o
 .debug_aranges
                0x0000000000000340       0x20 Core/Src/sysmem.o
 .debug_aranges
                0x0000000000000360       0x28 Core/Src/system_stm32f1xx.o
 .debug_aranges
                0x0000000000000388       0x28 Core/Startup/startup_stm32f103c8tx.o
 .debug_aranges
                0x00000000000003b0       0xe0 Drivers/STM32F1xx_HAL_Driver/Src/stm32f1xx_hal.o
 .debug_aranges
                0x0000000000000490      0x100 Drivers/STM32F1xx_HAL_Driver/Src/stm32f1xx_hal_cortex.o
 .debug_aranges
                0x0000000000000590       0x58 Drivers/STM32F1xx_HAL_Driver/Src/stm32f1xx_hal_gpio.o
 .debug_aranges
                0x00000000000005e8      0x290 Drivers/STM32F1xx_HAL_Driver/Src/stm32f1xx_hal_i2c.o
 .debug_aranges
                0x0000000000000878       0x90 Drivers/STM32F1xx_HAL_Driver/Src/stm32f1xx_hal_rcc.o
 .debug_aranges
                0x0000000000000908      0x1d0 Drivers/STM32F1xx_HAL_Driver/Src/stm32f1xx_hal_spi.o
 .debug_aranges
                0x0000000000000ad8      0x1d0 Drivers/STM32F1xx_HAL_Driver/Src/stm32f1xx_hal_uart.o

.debug_ranges   0x0000000000000000      0xbe0
 .debug_ranges  0x0000000000000000      0x1c0 Core/Src/MY_NRF24.o
 .debug_ranges  0x00000000000001c0       0x38 Core/Src/i2c-lcd.o
 .debug_ranges  0x00000000000001f8       0x60 Core/Src/main.o
 .debug_ranges  0x0000000000000258       0x40 Core/Src/stm32f1xx_hal_msp.o
 .debug_ranges  0x0000000000000298       0x58 Core/Src/stm32f1xx_it.o
 .debug_ranges  0x00000000000002f0       0x10 Core/Src/sysmem.o
 .debug_ranges  0x0000000000000300       0x18 Core/Src/system_stm32f1xx.o
 .debug_ranges  0x0000000000000318       0x20 Core/Startup/startup_stm32f103c8tx.o
 .debug_ranges  0x0000000000000338       0xd0 Drivers/STM32F1xx_HAL_Driver/Src/stm32f1xx_hal.o
 .debug_ranges  0x0000000000000408       0xf0 Drivers/STM32F1xx_HAL_Driver/Src/stm32f1xx_hal_cortex.o
 .debug_ranges  0x00000000000004f8       0x48 Drivers/STM32F1xx_HAL_Driver/Src/stm32f1xx_hal_gpio.o
 .debug_ranges  0x0000000000000540      0x2a0 Drivers/STM32F1xx_HAL_Driver/Src/stm32f1xx_hal_i2c.o
 .debug_ranges  0x00000000000007e0       0x80 Drivers/STM32F1xx_HAL_Driver/Src/stm32f1xx_hal_rcc.o
 .debug_ranges  0x0000000000000860      0x1c0 Drivers/STM32F1xx_HAL_Driver/Src/stm32f1xx_hal_spi.o
 .debug_ranges  0x0000000000000a20      0x1c0 Drivers/STM32F1xx_HAL_Driver/Src/stm32f1xx_hal_uart.o

.debug_macro    0x0000000000000000    0x1439b
 .debug_macro   0x0000000000000000      0x2b0 Core/Src/MY_NRF24.o
 .debug_macro   0x00000000000002b0      0xa5a Core/Src/MY_NRF24.o
 .debug_macro   0x0000000000000d0a      0x221 Core/Src/MY_NRF24.o
 .debug_macro   0x0000000000000f2b       0x2e Core/Src/MY_NRF24.o
 .debug_macro   0x0000000000000f59       0x22 Core/Src/MY_NRF24.o
 .debug_macro   0x0000000000000f7b       0x22 Core/Src/MY_NRF24.o
 .debug_macro   0x0000000000000f9d       0x8e Core/Src/MY_NRF24.o
 .debug_macro   0x000000000000102b       0x51 Core/Src/MY_NRF24.o
 .debug_macro   0x000000000000107c       0xef Core/Src/MY_NRF24.o
 .debug_macro   0x000000000000116b       0x6a Core/Src/MY_NRF24.o
 .debug_macro   0x00000000000011d5      0x1df Core/Src/MY_NRF24.o
 .debug_macro   0x00000000000013b4       0x1c Core/Src/MY_NRF24.o
 .debug_macro   0x00000000000013d0       0x22 Core/Src/MY_NRF24.o
 .debug_macro   0x00000000000013f2       0xc3 Core/Src/MY_NRF24.o
 .debug_macro   0x00000000000014b5      0xd23 Core/Src/MY_NRF24.o
 .debug_macro   0x00000000000021d8     0xe09e Core/Src/MY_NRF24.o
 .debug_macro   0x0000000000010276       0x43 Core/Src/MY_NRF24.o
 .debug_macro   0x00000000000102b9      0x174 Core/Src/MY_NRF24.o
 .debug_macro   0x000000000001042d       0x5a Core/Src/MY_NRF24.o
 .debug_macro   0x0000000000010487      0x5be Core/Src/MY_NRF24.o
 .debug_macro   0x0000000000010a45      0x289 Core/Src/MY_NRF24.o
 .debug_macro   0x0000000000010cce      0x1cb Core/Src/MY_NRF24.o
 .debug_macro   0x0000000000010e99      0x114 Core/Src/MY_NRF24.o
 .debug_macro   0x0000000000010fad      0x1b2 Core/Src/MY_NRF24.o
 .debug_macro   0x000000000001115f       0x27 Core/Src/MY_NRF24.o
 .debug_macro   0x0000000000011186      0x136 Core/Src/MY_NRF24.o
 .debug_macro   0x00000000000112bc      0x1bc Core/Src/MY_NRF24.o
 .debug_macro   0x0000000000011478       0x34 Core/Src/MY_NRF24.o
 .debug_macro   0x00000000000114ac       0x3c Core/Src/MY_NRF24.o
 .debug_macro   0x00000000000114e8       0x57 Core/Src/MY_NRF24.o
 .debug_macro   0x000000000001153f       0x88 Core/Src/MY_NRF24.o
 .debug_macro   0x00000000000115c7      0x241 Core/Src/MY_NRF24.o
 .debug_macro   0x0000000000011808      0x280 Core/Src/MY_NRF24.o
 .debug_macro   0x0000000000011a88      0x141 Core/Src/MY_NRF24.o
 .debug_macro   0x0000000000011bc9      0x217 Core/Src/MY_NRF24.o
 .debug_macro   0x0000000000011de0      0x26b Core/Src/MY_NRF24.o
 .debug_macro   0x000000000001204b       0x83 Core/Src/MY_NRF24.o
 .debug_macro   0x00000000000120ce      0x226 Core/Src/MY_NRF24.o
 .debug_macro   0x00000000000122f4       0x18 Core/Src/MY_NRF24.o
 .debug_macro   0x000000000001230c       0x46 Core/Src/MY_NRF24.o
 .debug_macro   0x0000000000012352       0x3c Core/Src/MY_NRF24.o
 .debug_macro   0x000000000001238e       0x34 Core/Src/MY_NRF24.o
 .debug_macro   0x00000000000123c2       0x16 Core/Src/MY_NRF24.o
 .debug_macro   0x00000000000123d8       0x35 Core/Src/MY_NRF24.o
 .debug_macro   0x000000000001240d       0x52 Core/Src/MY_NRF24.o
 .debug_macro   0x000000000001245f       0x1f Core/Src/MY_NRF24.o
 .debug_macro   0x000000000001247e       0x43 Core/Src/MY_NRF24.o
 .debug_macro   0x00000000000124c1       0x20 Core/Src/MY_NRF24.o
 .debug_macro   0x00000000000124e1      0x1a3 Core/Src/MY_NRF24.o
 .debug_macro   0x0000000000012684      0x32a Core/Src/MY_NRF24.o
 .debug_macro   0x00000000000129ae       0x16 Core/Src/MY_NRF24.o
 .debug_macro   0x00000000000129c4       0x29 Core/Src/MY_NRF24.o
 .debug_macro   0x00000000000129ed       0x22 Core/Src/MY_NRF24.o
 .debug_macro   0x0000000000012a0f       0x16 Core/Src/MY_NRF24.o
 .debug_macro   0x0000000000012a25       0x20 Core/Src/MY_NRF24.o
 .debug_macro   0x0000000000012a45      0x1a3 Core/Src/i2c-lcd.o
 .debug_macro   0x0000000000012be8      0x2ac Core/Src/main.o
 .debug_macro   0x0000000000012e94      0x1a3 Core/Src/stm32f1xx_hal_msp.o
 .debug_macro   0x0000000000013037      0x1ad Core/Src/stm32f1xx_it.o
 .debug_macro   0x00000000000131e4      0x1ae Core/Src/sysmem.o
 .debug_macro   0x0000000000013392      0x23b Core/Src/sysmem.o
 .debug_macro   0x00000000000135cd       0x16 Core/Src/sysmem.o
 .debug_macro   0x00000000000135e3      0x19f Core/Src/system_stm32f1xx.o
 .debug_macro   0x0000000000013782      0x1bd Drivers/STM32F1xx_HAL_Driver/Src/stm32f1xx_hal.o
 .debug_macro   0x000000000001393f      0x199 Drivers/STM32F1xx_HAL_Driver/Src/stm32f1xx_hal_cortex.o
 .debug_macro   0x0000000000013ad8      0x204 Drivers/STM32F1xx_HAL_Driver/Src/stm32f1xx_hal_gpio.o
 .debug_macro   0x0000000000013cdc      0x1d9 Drivers/STM32F1xx_HAL_Driver/Src/stm32f1xx_hal_i2c.o
 .debug_macro   0x0000000000013eb5      0x1ab Drivers/STM32F1xx_HAL_Driver/Src/stm32f1xx_hal_rcc.o
 .debug_macro   0x0000000000014060      0x1a1 Drivers/STM32F1xx_HAL_Driver/Src/stm32f1xx_hal_spi.o
 .debug_macro   0x0000000000014201      0x19a Drivers/STM32F1xx_HAL_Driver/Src/stm32f1xx_hal_uart.o

.debug_line     0x0000000000000000     0x9114
 .debug_line    0x0000000000000000      0xd7a Core/Src/MY_NRF24.o
 .debug_line    0x0000000000000d7a      0x69d Core/Src/i2c-lcd.o
 .debug_line    0x0000000000001417      0x8fc Core/Src/main.o
 .debug_line    0x0000000000001d13      0x6b8 Core/Src/stm32f1xx_hal_msp.o
 .debug_line    0x00000000000023cb      0x6c5 Core/Src/stm32f1xx_it.o
 .debug_line    0x0000000000002a90      0x531 Core/Src/sysmem.o
 .debug_line    0x0000000000002fc1      0x640 Core/Src/system_stm32f1xx.o
 .debug_line    0x0000000000003601       0x84 Core/Startup/startup_stm32f103c8tx.o
 .debug_line    0x0000000000003685      0x7e8 Drivers/STM32F1xx_HAL_Driver/Src/stm32f1xx_hal.o
 .debug_line    0x0000000000003e6d      0x8c1 Drivers/STM32F1xx_HAL_Driver/Src/stm32f1xx_hal_cortex.o
 .debug_line    0x000000000000472e      0x7e8 Drivers/STM32F1xx_HAL_Driver/Src/stm32f1xx_hal_gpio.o
 .debug_line    0x0000000000004f16     0x1aab Drivers/STM32F1xx_HAL_Driver/Src/stm32f1xx_hal_i2c.o
 .debug_line    0x00000000000069c1      0x8aa Drivers/STM32F1xx_HAL_Driver/Src/stm32f1xx_hal_rcc.o
 .debug_line    0x000000000000726b      0xfb6 Drivers/STM32F1xx_HAL_Driver/Src/stm32f1xx_hal_spi.o
 .debug_line    0x0000000000008221      0xef3 Drivers/STM32F1xx_HAL_Driver/Src/stm32f1xx_hal_uart.o

.debug_str      0x0000000000000000    0x6f656
 .debug_str     0x0000000000000000    0x6b3a9 Core/Src/MY_NRF24.o
                                      0x6b7c6 (size before relaxing)
 .debug_str     0x000000000006b3a9      0x2e6 Core/Src/i2c-lcd.o
                                      0x67995 (size before relaxing)
 .debug_str     0x000000000006b68f      0x520 Core/Src/main.o
                                      0x6b874 (size before relaxing)
 .debug_str     0x000000000006bbaf       0x99 Core/Src/stm32f1xx_hal_msp.o
                                      0x67d5b (size before relaxing)
 .debug_str     0x000000000006bc48       0xce Core/Src/stm32f1xx_it.o
                                      0x6756c (size before relaxing)
 .debug_str     0x000000000006bd16     0x1695 Core/Src/sysmem.o
                                       0x7ab9 (size before relaxing)
 .debug_str     0x000000000006d3ab       0xcc Core/Src/system_stm32f1xx.o
                                      0x67591 (size before relaxing)
 .debug_str     0x000000000006d477       0x36 Core/Startup/startup_stm32f103c8tx.o
                                         0x5e (size before relaxing)
 .debug_str     0x000000000006d4ad      0x3c5 Drivers/STM32F1xx_HAL_Driver/Src/stm32f1xx_hal.o
                                      0x67ba2 (size before relaxing)
 .debug_str     0x000000000006d872      0x2c8 Drivers/STM32F1xx_HAL_Driver/Src/stm32f1xx_hal_cortex.o
                                      0x67bb0 (size before relaxing)
 .debug_str     0x000000000006db3a      0x331 Drivers/STM32F1xx_HAL_Driver/Src/stm32f1xx_hal_gpio.o
                                      0x678db (size before relaxing)
 .debug_str     0x000000000006de6b      0xb72 Drivers/STM32F1xx_HAL_Driver/Src/stm32f1xx_hal_i2c.o
                                      0x68507 (size before relaxing)
 .debug_str     0x000000000006e9dd      0x258 Drivers/STM32F1xx_HAL_Driver/Src/stm32f1xx_hal_rcc.o
                                      0x67914 (size before relaxing)
 .debug_str     0x000000000006ec35      0x514 Drivers/STM32F1xx_HAL_Driver/Src/stm32f1xx_hal_spi.o
                                      0x67e02 (size before relaxing)
 .debug_str     0x000000000006f149      0x50d Drivers/STM32F1xx_HAL_Driver/Src/stm32f1xx_hal_uart.o
                                      0x67e03 (size before relaxing)

.comment        0x0000000000000000       0x7b
 .comment       0x0000000000000000       0x7b Core/Src/MY_NRF24.o
                                         0x7c (size before relaxing)
 .comment       0x000000000000007b       0x7c Core/Src/i2c-lcd.o
 .comment       0x000000000000007b       0x7c Core/Src/main.o
 .comment       0x000000000000007b       0x7c Core/Src/stm32f1xx_hal_msp.o
 .comment       0x000000000000007b       0x7c Core/Src/stm32f1xx_it.o
 .comment       0x000000000000007b       0x7c Core/Src/sysmem.o
 .comment       0x000000000000007b       0x7c Core/Src/system_stm32f1xx.o
 .comment       0x000000000000007b       0x7c Drivers/STM32F1xx_HAL_Driver/Src/stm32f1xx_hal.o
 .comment       0x000000000000007b       0x7c Drivers/STM32F1xx_HAL_Driver/Src/stm32f1xx_hal_cortex.o
 .comment       0x000000000000007b       0x7c Drivers/STM32F1xx_HAL_Driver/Src/stm32f1xx_hal_gpio.o
 .comment       0x000000000000007b       0x7c Drivers/STM32F1xx_HAL_Driver/Src/stm32f1xx_hal_i2c.o
 .comment       0x000000000000007b       0x7c Drivers/STM32F1xx_HAL_Driver/Src/stm32f1xx_hal_rcc.o
 .comment       0x000000000000007b       0x7c Drivers/STM32F1xx_HAL_Driver/Src/stm32f1xx_hal_spi.o
 .comment       0x000000000000007b       0x7c Drivers/STM32F1xx_HAL_Driver/Src/stm32f1xx_hal_uart.o

.debug_frame    0x0000000000000000     0x3818
 .debug_frame   0x0000000000000000      0x798 Core/Src/MY_NRF24.o
 .debug_frame   0x0000000000000798       0xe0 Core/Src/i2c-lcd.o
 .debug_frame   0x0000000000000878      0x184 Core/Src/main.o
 .debug_frame   0x00000000000009fc      0x110 Core/Src/stm32f1xx_hal_msp.o
 .debug_frame   0x0000000000000b0c      0x128 Core/Src/stm32f1xx_it.o
 .debug_frame   0x0000000000000c34       0x34 Core/Src/sysmem.o
 .debug_frame   0x0000000000000c68       0x58 Core/Src/system_stm32f1xx.o
 .debug_frame   0x0000000000000cc0      0x334 Drivers/STM32F1xx_HAL_Driver/Src/stm32f1xx_hal.o
 .debug_frame   0x0000000000000ff4      0x428 Drivers/STM32F1xx_HAL_Driver/Src/stm32f1xx_hal_cortex.o
 .debug_frame   0x000000000000141c      0x14c Drivers/STM32F1xx_HAL_Driver/Src/stm32f1xx_hal_gpio.o
 .debug_frame   0x0000000000001568      0xc08 Drivers/STM32F1xx_HAL_Driver/Src/stm32f1xx_hal_i2c.o
 .debug_frame   0x0000000000002170      0x21c Drivers/STM32F1xx_HAL_Driver/Src/stm32f1xx_hal_rcc.o
 .debug_frame   0x000000000000238c      0x824 Drivers/STM32F1xx_HAL_Driver/Src/stm32f1xx_hal_spi.o
 .debug_frame   0x0000000000002bb0      0x834 Drivers/STM32F1xx_HAL_Driver/Src/stm32f1xx_hal_uart.o
 .debug_frame   0x00000000000033e4       0x20 /opt/st/stm32cubeide_1.2.0/plugins/com.st.stm32cube.ide.mcu.externaltools.gnu-tools-for-stm32.7-2018-q2-update.linux64_1.0.0.201904181610/tools/bin/../lib/gcc/arm-none-eabi/7.3.1/../../../../arm-none-eabi/lib/thumb/v7-m/libc_nano.a(lib_a-errno.o)
 .debug_frame   0x0000000000003404       0x2c /opt/st/stm32cubeide_1.2.0/plugins/com.st.stm32cube.ide.mcu.externaltools.gnu-tools-for-stm32.7-2018-q2-update.linux64_1.0.0.201904181610/tools/bin/../lib/gcc/arm-none-eabi/7.3.1/../../../../arm-none-eabi/lib/thumb/v7-m/libc_nano.a(lib_a-init.o)
 .debug_frame   0x0000000000003430       0x28 /opt/st/stm32cubeide_1.2.0/plugins/com.st.stm32cube.ide.mcu.externaltools.gnu-tools-for-stm32.7-2018-q2-update.linux64_1.0.0.201904181610/tools/bin/../lib/gcc/arm-none-eabi/7.3.1/../../../../arm-none-eabi/lib/thumb/v7-m/libc_nano.a(lib_a-memcpy-stub.o)
 .debug_frame   0x0000000000003458       0x20 /opt/st/stm32cubeide_1.2.0/plugins/com.st.stm32cube.ide.mcu.externaltools.gnu-tools-for-stm32.7-2018-q2-update.linux64_1.0.0.201904181610/tools/bin/../lib/gcc/arm-none-eabi/7.3.1/../../../../arm-none-eabi/lib/thumb/v7-m/libc_nano.a(lib_a-memset.o)
 .debug_frame   0x0000000000003478       0x7c /opt/st/stm32cubeide_1.2.0/plugins/com.st.stm32cube.ide.mcu.externaltools.gnu-tools-for-stm32.7-2018-q2-update.linux64_1.0.0.201904181610/tools/bin/../lib/gcc/arm-none-eabi/7.3.1/../../../../arm-none-eabi/lib/thumb/v7-m/libc_nano.a(lib_a-snprintf.o)
 .debug_frame   0x00000000000034f4       0x6c /opt/st/stm32cubeide_1.2.0/plugins/com.st.stm32cube.ide.mcu.externaltools.gnu-tools-for-stm32.7-2018-q2-update.linux64_1.0.0.201904181610/tools/bin/../lib/gcc/arm-none-eabi/7.3.1/../../../../arm-none-eabi/lib/thumb/v7-m/libc_nano.a(lib_a-sprintf.o)
 .debug_frame   0x0000000000003560       0x90 /opt/st/stm32cubeide_1.2.0/plugins/com.st.stm32cube.ide.mcu.externaltools.gnu-tools-for-stm32.7-2018-q2-update.linux64_1.0.0.201904181610/tools/bin/../lib/gcc/arm-none-eabi/7.3.1/../../../../arm-none-eabi/lib/thumb/v7-m/libc_nano.a(lib_a-nano-svfprintf.o)
 .debug_frame   0x00000000000035f0       0x60 /opt/st/stm32cubeide_1.2.0/plugins/com.st.stm32cube.ide.mcu.externaltools.gnu-tools-for-stm32.7-2018-q2-update.linux64_1.0.0.201904181610/tools/bin/../lib/gcc/arm-none-eabi/7.3.1/../../../../arm-none-eabi/lib/thumb/v7-m/libc_nano.a(lib_a-nano-vfprintf_i.o)
 .debug_frame   0x0000000000003650       0x28 /opt/st/stm32cubeide_1.2.0/plugins/com.st.stm32cube.ide.mcu.externaltools.gnu-tools-for-stm32.7-2018-q2-update.linux64_1.0.0.201904181610/tools/bin/../lib/gcc/arm-none-eabi/7.3.1/../../../../arm-none-eabi/lib/thumb/v7-m/libc_nano.a(lib_a-memchr-stub.o)
 .debug_frame   0x0000000000003678       0x28 /opt/st/stm32cubeide_1.2.0/plugins/com.st.stm32cube.ide.mcu.externaltools.gnu-tools-for-stm32.7-2018-q2-update.linux64_1.0.0.201904181610/tools/bin/../lib/gcc/arm-none-eabi/7.3.1/../../../../arm-none-eabi/lib/thumb/v7-m/libc_nano.a(lib_a-memmove.o)
 .debug_frame   0x00000000000036a0       0x38 /opt/st/stm32cubeide_1.2.0/plugins/com.st.stm32cube.ide.mcu.externaltools.gnu-tools-for-stm32.7-2018-q2-update.linux64_1.0.0.201904181610/tools/bin/../lib/gcc/arm-none-eabi/7.3.1/../../../../arm-none-eabi/lib/thumb/v7-m/libc_nano.a(lib_a-nano-freer.o)
 .debug_frame   0x00000000000036d8       0x2c /opt/st/stm32cubeide_1.2.0/plugins/com.st.stm32cube.ide.mcu.externaltools.gnu-tools-for-stm32.7-2018-q2-update.linux64_1.0.0.201904181610/tools/bin/../lib/gcc/arm-none-eabi/7.3.1/../../../../arm-none-eabi/lib/thumb/v7-m/libc_nano.a(lib_a-nano-mallocr.o)
 .debug_frame   0x0000000000003704       0x3c /opt/st/stm32cubeide_1.2.0/plugins/com.st.stm32cube.ide.mcu.externaltools.gnu-tools-for-stm32.7-2018-q2-update.linux64_1.0.0.201904181610/tools/bin/../lib/gcc/arm-none-eabi/7.3.1/../../../../arm-none-eabi/lib/thumb/v7-m/libc_nano.a(lib_a-nano-reallocr.o)
 .debug_frame   0x0000000000003740       0x2c /opt/st/stm32cubeide_1.2.0/plugins/com.st.stm32cube.ide.mcu.externaltools.gnu-tools-for-stm32.7-2018-q2-update.linux64_1.0.0.201904181610/tools/bin/../lib/gcc/arm-none-eabi/7.3.1/../../../../arm-none-eabi/lib/thumb/v7-m/libc_nano.a(lib_a-sbrkr.o)
 .debug_frame   0x000000000000376c       0x30 /opt/st/stm32cubeide_1.2.0/plugins/com.st.stm32cube.ide.mcu.externaltools.gnu-tools-for-stm32.7-2018-q2-update.linux64_1.0.0.201904181610/tools/bin/../lib/gcc/arm-none-eabi/7.3.1/../../../../arm-none-eabi/lib/thumb/v7-m/libc_nano.a(lib_a-mlock.o)
 .debug_frame   0x000000000000379c       0x20 /opt/st/stm32cubeide_1.2.0/plugins/com.st.stm32cube.ide.mcu.externaltools.gnu-tools-for-stm32.7-2018-q2-update.linux64_1.0.0.201904181610/tools/bin/../lib/gcc/arm-none-eabi/7.3.1/../../../../arm-none-eabi/lib/thumb/v7-m/libc_nano.a(lib_a-nano-msizer.o)
 .debug_frame   0x00000000000037bc       0x5c /opt/st/stm32cubeide_1.2.0/plugins/com.st.stm32cube.ide.mcu.externaltools.gnu-tools-for-stm32.7-2018-q2-update.linux64_1.0.0.201904181610/tools/bin/../lib/gcc/arm-none-eabi/7.3.1/../../../../arm-none-eabi/lib/thumb/v7-m/libc_nano.a(lib_a-reent.o)
